Component: ARM Compiler 5.06 update 7 (build 960) Tool: armlink [4d3601]

==============================================================================

Section Cross References

    gpio.o(.text) refers to startup.o(.text) for EnableInterrupts
    main.o(DATA) refers (Special) to lcd.o(.text) for LCD_Line2
    main.o(DATA) refers (Special) to utils.o(.text) for SysTick_Wait1ms
    main.o(.text) refers (Special) to lcd.o(.text) for LCD_Line2
    main.o(.text) refers (Special) to utils.o(.text) for SysTick_Wait1ms
    main.o(.text) refers to gpio.o(.text) for GPIO_Init
    main.o(.text) refers to teclado.o(.text) for MapMatrixKeyboard
    startup.o(RESET) refers to startup.o(STACK) for StackMem
    startup.o(RESET) refers to main.o(.text) for Start
    lcd.o(.text) refers to gpio.o(.text) for PortM_Output
    lcd.o(.text) refers to utils.o(.text) for SysTick_Wait1ms
    teclado.o(.text) refers to gpio.o(.text) for PortM_Output
    teclado.o(.text) refers to lcd.o(.text) for LCD_PrintString
    teclado.o(.text) refers to utils.o(.text) for SysTick_Wait1ms


==============================================================================

Removing Unused input sections from the image.

    Removing main.o(DATA), (0 bytes).
    Removing startup.o(HEAP), (0 bytes).
    Removing lcd.o(DATA), (0 bytes).
    Removing teclado.o(DATA), (0 bytes).

4 unused section(s) (total 0 bytes) removed from the image.

==============================================================================

Image Symbol Table

    Local Symbols

    Symbol Name                              Value     Ov Type        Size  Object(Section)

    RESET                                    0x00000000   Section      544  startup.o(RESET)
    gpio.s                                   0x00000000   Number         0  gpio.o ABSOLUTE
    lcd.s                                    0x00000000   Number         0  lcd.o ABSOLUTE
    main.s                                   0x00000000   Number         0  main.o ABSOLUTE
    startup.s                                0x00000000   Number         0  startup.o ABSOLUTE
    teclado.s                                0x00000000   Number         0  teclado.o ABSOLUTE
    utils.s                                  0x00000000   Number         0  utils.o ABSOLUTE
    $v0                                      0x00000208   Number         0  startup.o(RESET)
    .text                                    0x00000220   Section      468  gpio.o(.text)
    $v0                                      0x00000220   Number         0  gpio.o(.text)
    .text                                    0x000003f4   Section       44  main.o(.text)
    $v0                                      0x000003f4   Number         0  main.o(.text)
    .text                                    0x00000420   Section       28  startup.o(.text)
    $v0                                      0x00000420   Number         0  startup.o(.text)
    .text                                    0x0000043c   Section      484  utils.o(.text)
    $v0                                      0x0000043c   Number         0  utils.o(.text)
    .text                                    0x00000620   Section      196  lcd.o(.text)
    $v0                                      0x00000620   Number         0  lcd.o(.text)
    .text                                    0x000006e4   Section      484  teclado.o(.text)
    $v0                                      0x000006e4   Number         0  teclado.o(.text)
    DIGIT_0_STR                              0x00000884   Data           2  teclado.o(.text)
    DIGIT_1_STR                              0x00000886   Data           2  teclado.o(.text)
    DIGIT_2_STR                              0x00000888   Data           2  teclado.o(.text)
    DIGIT_3_STR                              0x0000088a   Data           2  teclado.o(.text)
    DIGIT_4_STR                              0x0000088c   Data           2  teclado.o(.text)
    DIGIT_5_STR                              0x0000088e   Data           2  teclado.o(.text)
    DIGIT_6_STR                              0x00000890   Data           2  teclado.o(.text)
    DIGIT_7_STR                              0x00000892   Data           2  teclado.o(.text)
    DIGIT_8_STR                              0x00000894   Data           2  teclado.o(.text)
    DIGIT_9_STR                              0x00000896   Data           2  teclado.o(.text)
    DIGIT_AST_STR                            0x00000898   Data           2  teclado.o(.text)
    STACK                                    0x20000000   Section     1024  startup.o(STACK)
    StackMem                                 0x20000000   Data           0  startup.o(STACK)

    Global Symbols

    Symbol Name                              Value     Ov Type        Size  Object(Section)

    BuildAttributes$$THM_ISAv4$E$P$D$K$B$S$7EM$VFPi3$EXTD16$VFPS$VFMA$PE$A:L22UL41UL21$X:L11$S22US41US21$IEEE1$IW$USESV6$~STKCKD$USESV7$~SHL$OSPACE$EBA8$STANDARDLIB$EABIv2 0x00000000   Number         0  anon$$obj.o ABSOLUTE
    __Vectors                                0x00000000   Data           0  startup.o(RESET)
    Reset_Handler                            0x00000209   Thumb Code     0  startup.o(RESET)
    NMI_Handler                              0x0000020d   Thumb Code     2  startup.o(RESET)
    HardFault_Handler                        0x0000020f   Thumb Code     2  startup.o(RESET)
    MemManage_Handler                        0x00000211   Thumb Code     2  startup.o(RESET)
    BusFault_Handler                         0x00000213   Thumb Code     2  startup.o(RESET)
    UsageFault_Handler                       0x00000215   Thumb Code     2  startup.o(RESET)
    SVC_Handler                              0x00000217   Thumb Code     2  startup.o(RESET)
    DebugMon_Handler                         0x00000219   Thumb Code     2  startup.o(RESET)
    PendSV_Handler                           0x0000021b   Thumb Code     2  startup.o(RESET)
    SysTick_Handler                          0x0000021d   Thumb Code     2  startup.o(RESET)
    ADC0Seq0_Handler                         0x0000021f   Thumb Code     0  startup.o(RESET)
    ADC0Seq1_Handler                         0x0000021f   Thumb Code     0  startup.o(RESET)
    ADC0Seq2_Handler                         0x0000021f   Thumb Code     0  startup.o(RESET)
    ADC0Seq3_Handler                         0x0000021f   Thumb Code     0  startup.o(RESET)
    ADC1Seq0_Handler                         0x0000021f   Thumb Code     0  startup.o(RESET)
    ADC1Seq1_Handler                         0x0000021f   Thumb Code     0  startup.o(RESET)
    ADC1Seq2_Handler                         0x0000021f   Thumb Code     0  startup.o(RESET)
    ADC1Seq3_Handler                         0x0000021f   Thumb Code     0  startup.o(RESET)
    CAN0_Handler                             0x0000021f   Thumb Code     0  startup.o(RESET)
    CAN1_Handler                             0x0000021f   Thumb Code     0  startup.o(RESET)
    Comp0_Handler                            0x0000021f   Thumb Code     0  startup.o(RESET)
    Comp1_Handler                            0x0000021f   Thumb Code     0  startup.o(RESET)
    Comp2_Handler                            0x0000021f   Thumb Code     0  startup.o(RESET)
    Ethernet_Handler                         0x0000021f   Thumb Code     0  startup.o(RESET)
    ExtBus_Handler                           0x0000021f   Thumb Code     0  startup.o(RESET)
    FPU_Handler                              0x0000021f   Thumb Code     0  startup.o(RESET)
    FlashCtl_Handler                         0x0000021f   Thumb Code     0  startup.o(RESET)
    GPIOPortA_Handler                        0x0000021f   Thumb Code     0  startup.o(RESET)
    GPIOPortB_Handler                        0x0000021f   Thumb Code     0  startup.o(RESET)
    GPIOPortC_Handler                        0x0000021f   Thumb Code     0  startup.o(RESET)
    GPIOPortD_Handler                        0x0000021f   Thumb Code     0  startup.o(RESET)
    GPIOPortE_Handler                        0x0000021f   Thumb Code     0  startup.o(RESET)
    GPIOPortF_Handler                        0x0000021f   Thumb Code     0  startup.o(RESET)
    GPIOPortG_Handler                        0x0000021f   Thumb Code     0  startup.o(RESET)
    GPIOPortH_Handler                        0x0000021f   Thumb Code     0  startup.o(RESET)
    GPIOPortJ_Handler                        0x0000021f   Thumb Code     0  startup.o(RESET)
    GPIOPortK_Handler                        0x0000021f   Thumb Code     0  startup.o(RESET)
    GPIOPortL_Handler                        0x0000021f   Thumb Code     0  startup.o(RESET)
    GPIOPortM_Handler                        0x0000021f   Thumb Code     0  startup.o(RESET)
    GPIOPortN_Handler                        0x0000021f   Thumb Code     0  startup.o(RESET)
    GPIOPortP1_Handler                       0x0000021f   Thumb Code     0  startup.o(RESET)
    GPIOPortP2_Handler                       0x0000021f   Thumb Code     0  startup.o(RESET)
    GPIOPortP3_Handler                       0x0000021f   Thumb Code     0  startup.o(RESET)
    GPIOPortP4_Handler                       0x0000021f   Thumb Code     0  startup.o(RESET)
    GPIOPortP5_Handler                       0x0000021f   Thumb Code     0  startup.o(RESET)
    GPIOPortP6_Handler                       0x0000021f   Thumb Code     0  startup.o(RESET)
    GPIOPortP7_Handler                       0x0000021f   Thumb Code     0  startup.o(RESET)
    GPIOPortP_Handler                        0x0000021f   Thumb Code     0  startup.o(RESET)
    GPIOPortQ1_Handler                       0x0000021f   Thumb Code     0  startup.o(RESET)
    GPIOPortQ2_Handler                       0x0000021f   Thumb Code     0  startup.o(RESET)
    GPIOPortQ3_Handler                       0x0000021f   Thumb Code     0  startup.o(RESET)
    GPIOPortQ4_Handler                       0x0000021f   Thumb Code     0  startup.o(RESET)
    GPIOPortQ5_Handler                       0x0000021f   Thumb Code     0  startup.o(RESET)
    GPIOPortQ6_Handler                       0x0000021f   Thumb Code     0  startup.o(RESET)
    GPIOPortQ7_Handler                       0x0000021f   Thumb Code     0  startup.o(RESET)
    GPIOPortQ_Handler                        0x0000021f   Thumb Code     0  startup.o(RESET)
    Hibernate_Handler                        0x0000021f   Thumb Code     0  startup.o(RESET)
    I2C0_Handler                             0x0000021f   Thumb Code     0  startup.o(RESET)
    I2C1_Handler                             0x0000021f   Thumb Code     0  startup.o(RESET)
    I2C2_Handler                             0x0000021f   Thumb Code     0  startup.o(RESET)
    I2C3_Handler                             0x0000021f   Thumb Code     0  startup.o(RESET)
    I2C4_Handler                             0x0000021f   Thumb Code     0  startup.o(RESET)
    I2C5_Handler                             0x0000021f   Thumb Code     0  startup.o(RESET)
    I2C6_Handler                             0x0000021f   Thumb Code     0  startup.o(RESET)
    I2C7_Handler                             0x0000021f   Thumb Code     0  startup.o(RESET)
    I2C8_Handler                             0x0000021f   Thumb Code     0  startup.o(RESET)
    I2C9_Handler                             0x0000021f   Thumb Code     0  startup.o(RESET)
    PWM0Fault_Handler                        0x0000021f   Thumb Code     0  startup.o(RESET)
    PWM0Generator0_Handler                   0x0000021f   Thumb Code     0  startup.o(RESET)
    PWM0Generator1_Handler                   0x0000021f   Thumb Code     0  startup.o(RESET)
    PWM0Generator2_Handler                   0x0000021f   Thumb Code     0  startup.o(RESET)
    PWM0Generator3_Handler                   0x0000021f   Thumb Code     0  startup.o(RESET)
    Quadrature0_Handler                      0x0000021f   Thumb Code     0  startup.o(RESET)
    SSI0_Handler                             0x0000021f   Thumb Code     0  startup.o(RESET)
    SSI1_Handler                             0x0000021f   Thumb Code     0  startup.o(RESET)
    SSI2_Handler                             0x0000021f   Thumb Code     0  startup.o(RESET)
    SSI3_Handler                             0x0000021f   Thumb Code     0  startup.o(RESET)
    SysCtl_Handler                           0x0000021f   Thumb Code     0  startup.o(RESET)
    Tamper_Handler                           0x0000021f   Thumb Code     0  startup.o(RESET)
    Timer0A_Handler                          0x0000021f   Thumb Code     0  startup.o(RESET)
    Timer0B_Handler                          0x0000021f   Thumb Code     0  startup.o(RESET)
    Timer1A_Handler                          0x0000021f   Thumb Code     0  startup.o(RESET)
    Timer1B_Handler                          0x0000021f   Thumb Code     0  startup.o(RESET)
    Timer2A_Handler                          0x0000021f   Thumb Code     0  startup.o(RESET)
    Timer2B_Handler                          0x0000021f   Thumb Code     0  startup.o(RESET)
    Timer3A_Handler                          0x0000021f   Thumb Code     0  startup.o(RESET)
    Timer3B_Handler                          0x0000021f   Thumb Code     0  startup.o(RESET)
    Timer4A_Handler                          0x0000021f   Thumb Code     0  startup.o(RESET)
    Timer4B_Handler                          0x0000021f   Thumb Code     0  startup.o(RESET)
    Timer5A_Handler                          0x0000021f   Thumb Code     0  startup.o(RESET)
    Timer5B_Handler                          0x0000021f   Thumb Code     0  startup.o(RESET)
    Timer6A_Handler                          0x0000021f   Thumb Code     0  startup.o(RESET)
    Timer6B_Handler                          0x0000021f   Thumb Code     0  startup.o(RESET)
    Timer7A_Handler                          0x0000021f   Thumb Code     0  startup.o(RESET)
    Timer7B_Handler                          0x0000021f   Thumb Code     0  startup.o(RESET)
    UART0_Handler                            0x0000021f   Thumb Code     0  startup.o(RESET)
    UART1_Handler                            0x0000021f   Thumb Code     0  startup.o(RESET)
    UART2_Handler                            0x0000021f   Thumb Code     0  startup.o(RESET)
    UART3_Handler                            0x0000021f   Thumb Code     0  startup.o(RESET)
    UART4_Handler                            0x0000021f   Thumb Code     0  startup.o(RESET)
    UART5_Handler                            0x0000021f   Thumb Code     0  startup.o(RESET)
    UART6_Handler                            0x0000021f   Thumb Code     0  startup.o(RESET)
    UART7_Handler                            0x0000021f   Thumb Code     0  startup.o(RESET)
    USB0_Handler                             0x0000021f   Thumb Code     0  startup.o(RESET)
    WDT_Handler                              0x0000021f   Thumb Code     0  startup.o(RESET)
    uDMA_Error                               0x0000021f   Thumb Code     0  startup.o(RESET)
    uDMA_Handler                             0x0000021f   Thumb Code     0  startup.o(RESET)
    GPIO_Init                                0x00000221   Thumb Code     0  gpio.o(.text)
    PortJ_Input                              0x0000032d   Thumb Code     0  gpio.o(.text)
    PortK_Output                             0x00000343   Thumb Code     0  gpio.o(.text)
    PortL_Input                              0x00000353   Thumb Code     0  gpio.o(.text)
    PortM_Output                             0x00000359   Thumb Code     0  gpio.o(.text)
    Start                                    0x000003f5   Thumb Code     0  main.o(.text)
    DisableInterrupts                        0x00000421   Thumb Code     0  startup.o(.text)
    EnableInterrupts                         0x00000425   Thumb Code     0  startup.o(.text)
    StartCritical                            0x00000429   Thumb Code     0  startup.o(.text)
    EndCritical                              0x00000431   Thumb Code     0  startup.o(.text)
    WaitForInterrupt                         0x00000437   Thumb Code     0  startup.o(.text)
    PLL_Init                                 0x0000043d   Thumb Code     0  utils.o(.text)
    SysTick_Init                             0x00000565   Thumb Code     0  utils.o(.text)
    SysTick_Wait1ms                          0x0000059f   Thumb Code     0  utils.o(.text)
    LCD_Init                                 0x00000621   Thumb Code     0  lcd.o(.text)
    LCD_Line2                                0x00000695   Thumb Code     0  lcd.o(.text)
    LCD_PrintString                          0x000006ad   Thumb Code     0  lcd.o(.text)
    LCD_Reset                                0x000006cb   Thumb Code     0  lcd.o(.text)
    MapMatrixKeyboard                        0x000006e5   Thumb Code     0  teclado.o(.text)



==============================================================================

Memory Map of the image

  Image Entry point : 0x00000209

  Load Region LR_1 (Base: 0x00000000, Size: 0x000008c8, Max: 0xffffffff, ABSOLUTE)

    Execution Region ER_RO (Exec base: 0x00000000, Load base: 0x00000000, Size: 0x000008c8, Max: 0xffffffff, ABSOLUTE)

    Exec Addr    Load Addr    Size         Type   Attr      Idx    E Section Name        Object

    0x00000000   0x00000000   0x00000220   Code   RO           12  * RESET               startup.o
    0x00000220   0x00000220   0x000001d4   Code   RO            1    .text               gpio.o
    0x000003f4   0x000003f4   0x0000002c   Code   RO            7    .text               main.o
    0x00000420   0x00000420   0x0000001c   Code   RO           13    .text               startup.o
    0x0000043c   0x0000043c   0x000001e4   Code   RO           19    .text               utils.o
    0x00000620   0x00000620   0x000000c4   Code   RO           23    .text               lcd.o
    0x000006e4   0x000006e4   0x000001e4   Code   RO           27    .text               teclado.o


    Execution Region ER_RW (Exec base: 0x20000000, Load base: 0x000008c8, Size: 0x00000000, Max: 0xffffffff, ABSOLUTE)

    **** No section assigned to this execution region ****


    Execution Region ER_ZI (Exec base: 0x20000000, Load base: 0x000008c8, Size: 0x00000400, Max: 0xffffffff, ABSOLUTE)

    Exec Addr    Load Addr    Size         Type   Attr      Idx    E Section Name        Object

    0x20000000        -       0x00000400   Zero   RW           10    STACK               startup.o


==============================================================================

Image component sizes


      Code (inc. data)   RO Data    RW Data    ZI Data      Debug   Object Name

       468        140          0          0          0        392   gpio.o
       196          2          0          0          0        284   lcd.o
        44          2          0          0          0        236   main.o
       572        522          0          0       1024       1012   startup.o
       484         68          0          0          0        364   teclado.o
       484         92          0          0          0        392   utils.o

    ----------------------------------------------------------------------
      2248        826          0          0       1024       2680   Object Totals
         0          0          0          0          0          0   (incl. Generated)
         0          0          0          0          0          0   (incl. Padding)

    ----------------------------------------------------------------------
         0          0          0          0          0          0   Library Totals
         0          0          0          0          0          0   (incl. Padding)

    ----------------------------------------------------------------------

==============================================================================


      Code (inc. data)   RO Data    RW Data    ZI Data      Debug   

      2248        826          0          0       1024       2680   Grand Totals
      2248        826          0          0       1024       2680   ELF Image Totals
      2248        826          0          0          0          0   ROM Totals

==============================================================================

    Total RO  Size (Code + RO Data)                 2248 (   2.20kB)
    Total RW  Size (RW Data + ZI Data)              1024 (   1.00kB)
    Total ROM Size (Code + RO Data + RW Data)       2248 (   2.20kB)

==============================================================================

