


ARM Macro Assembler    Page 1 


    1 00000000         ; main.s
    2 00000000         ; Desenvolvido para a placa EK-TM4C1294XL
    3 00000000         ; Prof. Guilherme Peron
    4 00000000         ; Ver 1 19/03/2018
    5 00000000         ; Ver 2 26/08/2018
    6 00000000         ; Este programa deve esperar o usu?rio pressionar uma ch
                       ave.
    7 00000000         ; Caso o usu?rio pressione uma chave, um LED deve piscar
                        a cada 1 segundo.
    8 00000000         
    9 00000000         ; ------------------------------------------------------
                       -------------------------
   10 00000000                 THUMB                        ; Instru??es do tip
                                                            o Thumb-2
   11 00000000         ; ------------------------------------------------------
                       -------------------------
   12 00000000         
   13 00000000         ; Declara??es EQU - Defines
   14 00000000         ;<NOME>         EQU <VALOR>
   15 00000000         ; ========================
   16 00000000         ; Defini??es de Valores
   17 00000000 00000100 
                       INVALID_DIGIT
                               EQU              256         ; Representa um d?g
                                                            ito inv?lido do tec
                                                            lado matricial
   18 00000000 FFFFFFFF 
                       INVALID_PW_CHAR
                               EQU              -1          ; Representa um car
                                                            actere impossível d
                                                            e estar na senha
   19 00000000 00000000 
                       INICIO  EQU              0
   20 00000000 00000001 
                       CONFIG_SENHA
                               EQU              1
   21 00000000 00000002 
                       COFRE_FECHANDO
                               EQU              2
   22 00000000 00000003 
                       COFRE_FECHADO
                               EQU              3
   23 00000000 00000004 
                       COFRE_TRAVADO
                               EQU              4
   24 00000000 00000005 
                       DESTRAVA_COFRE
                               EQU              5
   25 00000000         
   26 00000000         
   27 00000000         ; ------------------------------------------------------
                       -------------------------
   28 00000000         ; ?rea de Dados - Declara??es de vari?veis
   29 00000000                 AREA             DATA, ALIGN=2
   30 00000000         ; Se alguma vari?vel for chamada em outro arquivo
   31 00000000         ;EXPORT  <var> [DATA,SIZE=<tam>]   ; Permite chamar a va
                       ri?vel <var> a 
   32 00000000         ; partir de outro arquivo
   33 00000000         ;<var> SPACE <tam>                        ; Declara uma 



ARM Macro Assembler    Page 2 


                       vari?vel de nome <var>
   34 00000000         ; de <tam> bytes a partir da primeira 
   35 00000000         ; posi??o da RAM  
   36 00000000 00 00 00 
              00 00 00 
              00 00    PASSWORDS
                               SPACE            8           ; 4 bytes para a se
                                                            nha do usuário e 4 
                                                            bytes para a senha 
                                                            mestra
   37 00000008         ; ------------------------------------------------------
                       -------------------------
   38 00000008         ; ?rea de C?digo - Tudo abaixo da diretiva a seguir ser?
                        armazenado na mem?ria de 
   39 00000008         ;                  c?digo
   40 00000008                 AREA             |.text|, CODE, READONLY, ALIGN=
2
   41 00000000         
   42 00000000         ; Se alguma fun??o do arquivo for chamada em outro arqui
                       vo 
   43 00000000                 EXPORT           Start       ; Permite chamar a 
                                                            fun??o Start a part
                                                            ir de 
   44 00000000         ; outro arquivo. No caso startup.s
   45 00000000                 EXPORT           ModificaSenhaMestra
   46 00000000                 EXPORT           DestravaCofre
   47 00000000         
   48 00000000         ; Se chamar alguma fun??o externa 
   49 00000000         ;IMPORT <func>              ; Permite chamar dentro dest
                       e arquivo uma 
   50 00000000         ; fun??o <func>
   51 00000000                 IMPORT           PLL_Init
   52 00000000                 IMPORT           SysTick_Init
   53 00000000                 IMPORT           SysTick_Wait1ms
   54 00000000         
   55 00000000                 IMPORT           GPIO_Init
   56 00000000                 IMPORT           PortA_Output
   57 00000000                 IMPORT           PortP_Output
   58 00000000                 IMPORT           PortQ_Output
   59 00000000         
   60 00000000                 IMPORT           LCD_Init
   61 00000000                 IMPORT           LCD_Line2
   62 00000000                 IMPORT           LCD_Reset
   63 00000000                 IMPORT           LCD_PrintString
   64 00000000         
   65 00000000                 IMPORT           MapMatrixKeyboard
   66 00000000         
   67 00000000         ;?Cofre aberto, digite nova senha para fechar o cofre?.
   68 00000000 43 6F 66 
              72 65 20 
              61 62 65 
              72 74 6F 
              20 20 20 
              20 00    cofre_aberto
                               DCB              "Cofre aberto    ", 0
   69 00000011 43 6F 66 
              72 65 20 
              61 62 72 
              69 6E 64 



ARM Macro Assembler    Page 3 


              6F 20 20 
              20 00    cofre_abrindo
                               DCB              "Cofre abrindo   ", 0
   70 00000022 44 69 67 
              69 74 65 
              20 61 20 
              73 65 6E 
              68 61 20 
              20 00    digite_senha
                               DCB              "Digite a senha  ", 0
   71 00000033 20 20 20 
              20 20 20 
              20 20 20 
              20 20 20 
              20 20 20 
              20 00    string_vazia
                               DCB              "                ", 0
   72 00000044 43 6F 66 
              72 65 20 
              66 65 63 
              68 61 6E 
              64 6F 20 
              20 00    cofre_fechando
                               DCB              "Cofre fechando  ", 0
   73 00000055 43 6F 66 
              72 65 20 
              66 65 63 
              68 61 64 
              6F 20 20 
              20 00    cofre_fechado
                               DCB              "Cofre fechado   ", 0
   74 00000066 52 65 73 
              65 74 20 
              6D 65 73 
              74 72 61 
              20 20 20 
              20 00    reset_senha_mestra
                               DCB              "Reset mestra    ", 0
   75 00000077 4D 65 73 
              74 72 61 
              20 61 6C 
              74 65 72 
              61 64 61 
              20 00    senha_mestra_alterada
                               DCB              "Mestra alterada ", 0
   76 00000088 43 6F 66 
              72 65 20 
              74 72 61 
              76 61 64 
              6F 20 20 
              20 00    cofre_travado
                               DCB              "Cofre travado   ", 0
   77 00000099         
   78 00000099         ; ------------------------------------------------------
                       -------------------------
   79 00000099         ; Fun??o main()
   80 00000099         Start
   81 00000099 00 F7FF 
              FFFE             BL               PLL_Init    ; Chama a subrotina



ARM Macro Assembler    Page 4 


                                                             para alterar o clo
                                                            ck do microcontrola
                                                            dor para 80MHz
   82 0000009E F7FF FFFE       BL               SysTick_Init ; Chama a subrotin
                                                            a para inicializar 
                                                            o SysTick
   83 000000A2 F7FF FFFE       BL               GPIO_Init   ; Chama a subrotina
                                                             que inicializa os 
                                                            GPIO
   84 000000A6         
   85 000000A6         
   86 000000A6 F7FF FFFE       BL               LCD_Init    ; Chama a subrotina
                                                             que inicializa o L
                                                            CD
   87 000000AA F44F 7680       MOV              R6, #INVALID_DIGIT ; R6 usado p
                                                            ara guardar o d?git
                                                            o lido do teclado
   88 000000AE F04F 0700       MOV              R7, #0      ; R7 usado para con
                                                            tar quantos d?gitos
                                                             o usu?rio digitou
   89 000000B2 F04F 0500       MOV              R5, #INICIO ; Seta o estado ini
                                                            cial para cofre abe
                                                            rto
   90 000000B6 F04F 0900       MOV              R9, #0      ; Contador para com
                                                            parar a senha inser
                                                            ida com a senha na 
                                                            memória
   91 000000BA F04F 0A00       MOV              R10, #0     ; Contador para con
                                                            tar a quantidade de
                                                             acertos da senha
   92 000000BE F8DF 81FC       LDR              R8, =PASSWORDS ; R8 usado para 
                                                            apontar a posição d
                                                            a senha salva na me
                                                            mória
   93 000000C2 F04F 0C00       MOV              R12, #0     ; Contador da quant
                                                            idade de erros da s
                                                            enha
   94 000000C6         
   95 000000C6 F04F 0B01       MOV              R11, #1
   96 000000CA F888 B005       STRB             R11, [R8, #5]
   97 000000CE F04F 0B02       MOV              R11, #2
   98 000000D2 F888 B006       STRB             R11, [R8, #6]
   99 000000D6 F04F 0B03       MOV              R11, #3
  100 000000DA F888 B007       STRB             R11, [R8, #7]
  101 000000DE F04F 0B04       MOV              R11, #4
  102 000000E2 F888 B008       STRB             R11, [R8, #8]
  103 000000E6         
  104 000000E6         MainLoop
  105 000000E6         
  106 000000E6 2D00            CMP              R5, #INICIO
  107 000000E8 D00A            BEQ              EstadoInicial
  108 000000EA 2D01            CMP              R5, #CONFIG_SENHA
  109 000000EC D021            BEQ              InserirSenha
  110 000000EE 2D02            CMP              R5, #COFRE_FECHANDO
  111 000000F0 D02E            BEQ              CofreFechando
  112 000000F2 2D03            CMP              R5, #COFRE_FECHADO
  113 000000F4 D040            BEQ              CofreFechado
  114 000000F6 2D04            CMP              R5, #COFRE_TRAVADO
  115 000000F8 D048            BEQ              CofreTravado



ARM Macro Assembler    Page 5 


  116 000000FA 2D05            CMP              R5, #DESTRAVA_COFRE
  117 000000FC D0FE            BEQ              DestravaCofre
  118 000000FE         
  119 000000FE         
  120 000000FE E7F2            B                MainLoop
  121 00000100         
  122 00000100         EstadoInicial
  123 00000100 F7FF FFFE       BL               LCD_Reset
  124 00000104 4C6E            LDR              R4, =cofre_aberto ;R4 guarda as
                                                             mensagens pra most
                                                            rar no display
  125 00000106 F7FF FFFE       BL               LCD_PrintString 
                                                            ; imprime mensagem
  126 0000010A F241 3088       MOV              R0, #5000   ;seta o tempo que v
                                                            ai ficar a mensagem
                                                            
  127 0000010E F7FF FFFE       BL               SysTick_Wait1ms ;wait
  128 00000112         
  129 00000112         SolicitaSenha
  130 00000112 F04F 0700       MOV              R7, #0
  131 00000116 F7FF FFFE       BL               LCD_Reset   ;limpa o display
  132 0000011A 4C6A            LDR              R4,=digite_senha ; muda a strin
                                                            g que vai pro displ
                                                            ay
  133 0000011C F7FF FFFE       BL               LCD_PrintString ;imprime nova s
                                                            tring
  134 00000120 F241 3088       MOV              R0, #5000   ; seta o tempo
  135 00000124 F7FF FFFE       BL               SysTick_Wait1ms
  136 00000128 F7FF FFFE       BL               LCD_Reset   ;limpa o display
  137 0000012C F04F 0501       MOV              R5,#CONFIG_SENHA ; muda o estad
                                                            o do cofre
  138 00000130         
  139 00000130 E7D9            B                MainLoop
  140 00000132         
  141 00000132         InserirSenha
  142 00000132 F7FF FFFE       BL               MapMatrixKeyboard
  143 00000136 F5B6 7F80       CMP              R6, #INVALID_DIGIT
  144 0000013A BF18            IT               NE
  145 0000013C F808 6007       STRBNE           R6, [R8, R7] ; guarda a senha
  146 00000140 F44F 7680       MOV              R6, #INVALID_DIGIT ; Depois de 
                                                            contabilizado, inva
                                                            lida R6 para evitar
                                                             erros
  147 00000144         
  148 00000144 2F04            CMP              R7, #4      ; Verifica se 4 d?g
                                                            itos foram inserido
                                                            s
  149 00000146 DBF4            BLT              InserirSenha ; Se não, volta pa
                                                            ra o inicio
  150 00000148 D8E3            BHI              SolicitaSenha
  151 0000014A         
  152 0000014A 2D02            CMP              R5, #COFRE_FECHANDO ; Verifica 
                                                            se o estado do cofr
                                                            e ? fechando 
  153 0000014C D1F1            BNE              InserirSenha ; Se ainda n?o for
                                                            , volta para config
                                                            urar a senha
  154 0000014E D0FF            BEQ              CofreFechando
  155 00000150         



ARM Macro Assembler    Page 6 


  156 00000150         CofreFechando
  157 00000150 F7FF FFFE       BL               LCD_Reset   ;limpa o display
  158 00000154 F44F 707A       MOV              R0, #1000   ; seta o tempo  de 
                                                            1s
  159 00000158 F7FF FFFE       BL               SysTick_Wait1ms
  160 0000015C 4C5A            LDR              R4,=cofre_fechando ; muda a str
                                                            ing que vai pro dis
                                                            play
  161 0000015E F7FF FFFE       BL               LCD_PrintString ;imprime nova s
                                                            tring
  162 00000162 F241 3088       MOV              R0, #5000   ; seta o tempo de 5
                                                            s
  163 00000166 F7FF FFFE       BL               SysTick_Wait1ms
  164 0000016A F7FF FFFE       BL               LCD_Reset
  165 0000016E F04F 0503       MOV              R5, #COFRE_FECHADO
  166 00000172 F04F 0700       MOV              R7, #0      ; R7 usado para con
                                                            tar quantos d?gitos
                                                             o usu?rio digitou
  167 00000176         
  168 00000176 E7B6            B                MainLoop
  169 00000178         
  170 00000178         CofreFechado
  171 00000178 F7FF FFFE       BL               LCD_Reset
  172 0000017C 4C53            LDR              R4,=cofre_fechado ; muda a stri
                                                            ng que vai pro disp
                                                            lay
  173 0000017E F7FF FFFE       BL               LCD_PrintString ;imprime nova s
                                                            tring
  174 00000182 F241 3088       MOV              R0, #5000   ; seta o tempo de 5
                                                            s
  175 00000186 F7FF FFFE       BL               SysTick_Wait1ms
  176 0000018A         
  177 0000018A E02B            B                PedeSenhaFechado
  178 0000018C         
  179 0000018C         CofreTravado
  180 0000018C F7FF FFFE       BL               LCD_Reset
  181 00000190 4C4F            LDR              R4,=cofre_travado ; muda a stri
                                                            ng que vai pro disp
                                                            lay
  182 00000192 F7FF FFFE       BL               LCD_PrintString ;imprime nova s
                                                            tring
  183 00000196 E7A6            B                MainLoop
  184 00000198         
  185 00000198         DestravaCofre
  186 00000198 F7FF FFFE       BL               LCD_Line2   ; Coloca o cursor n
                                                            o começo da segunda
                                                             linha
  187 0000019C         
  188 0000019C 4C49            LDR              R4, =digite_senha ; Imprime a m
                                                            ensagem de digitar 
                                                            a senha
  189 0000019E F7FF FFFE       BL               LCD_PrintString
  190 000001A2         
  191 000001A2 F44F 707A       MOV              R0, #1000   ; seta o tempo de 0
                                                            ,5s
  192 000001A6 F7FF FFFE       BL               SysTick_Wait1ms
  193 000001AA         
  194 000001AA F7FF FFFE       BL               LCD_Line2
  195 000001AE         



ARM Macro Assembler    Page 7 


  196 000001AE 4C49            LDR              R4, =string_vazia ; Imprime uma
                                                             string vazia na se
                                                            gunda linha
  197 000001B0 F7FF FFFE       BL               LCD_PrintString
  198 000001B4         
  199 000001B4 F7FF FFFE       BL               LCD_Line2   ; Depois do cursor 
                                                            ser deslocado para 
                                                            o fim, posiciona de
                                                             volta no começo
  200 000001B8         
  201 000001B8 F44F 7680       MOV              R6, #INVALID_DIGIT ; Nenhum díg
                                                            ito foi lido. Coloc
                                                            a R6 em estado invá
                                                            lido (reset)
  202 000001BC         
  203 000001BC F04F 0704       MOV              R7, #4
  204 000001C0         
  205 000001C0 E7FF            B                ConferirSenhaMestra
  206 000001C2         
  207 000001C2         ConferirSenhaMestra
  208 000001C2 F7FF FFFE       BL               MapMatrixKeyboard ; Lê o dígito
                                                             pressionado no tec
                                                            lado e guarda em R6
                                                            
  209 000001C6         
  210 000001C6 F818 9007       LDRB             R9, [R8, R7] ; coloca em R9 os 
                                                            digitos a senha
  211 000001CA 454E            CMP              R6, R9
  212 000001CC BF08 F10A 
              0A01             ADDEQ            R10, R10, #1 ; incrementar cont
                                                            ador de acertos se 
                                                            o digito inserido f
                                                            or igual o da memór
                                                            ia
  213 000001D2         
  214 000001D2 F44F 7680       MOV              R6, #INVALID_DIGIT ; Depois de 
                                                            contabilizado, inva
                                                            lida R6 para evitar
                                                             erros
  215 000001D6 F04F 39FF       MOV              R9, #INVALID_PW_CHAR
  216 000001DA         
  217 000001DA F1BA 0F04       CMP              R10, #4
  218 000001DE D032            BEQ              CofreAbrindo
  219 000001E0         
  220 000001E0 2F08            CMP              R7, #8      ; Verifica se 4 d?g
                                                            itos foram inserido
                                                            s
  221 000001E2 DBEE            BLT              ConferirSenhaMestra ; Se não, v
                                                            olta para o inicio
  222 000001E4         
  223 000001E4         PedeSenhaFechado
  224 000001E4 F7FF FFFE       BL               LCD_Line2   ; Coloca o cursor n
                                                            o começo da segunda
                                                             linha
  225 000001E8         
  226 000001E8 4C36            LDR              R4, =digite_senha ; Imprime a m
                                                            ensagem de digitar 
                                                            a senha
  227 000001EA F7FF FFFE       BL               LCD_PrintString



ARM Macro Assembler    Page 8 


  228 000001EE         
  229 000001EE F44F 707A       MOV              R0, #1000   ; seta o tempo de 0
                                                            ,5s
  230 000001F2 F7FF FFFE       BL               SysTick_Wait1ms
  231 000001F6         
  232 000001F6 F7FF FFFE       BL               LCD_Line2
  233 000001FA         
  234 000001FA 4C36            LDR              R4, =string_vazia ; Imprime uma
                                                             string vazia na se
                                                            gunda linha
  235 000001FC F7FF FFFE       BL               LCD_PrintString
  236 00000200         
  237 00000200 F7FF FFFE       BL               LCD_Line2   ; Depois do cursor 
                                                            ser deslocado para 
                                                            o fim, posiciona de
                                                             volta no começo
  238 00000204         
  239 00000204 F04F 0700       MOV              R7, #0      ; Zera R7
  240 00000208 F04F 0A00       MOV              R10, #0     ; Zera R10
  241 0000020C         
  242 0000020C F44F 7680       MOV              R6, #INVALID_DIGIT ; Nenhum díg
                                                            ito foi lido. Coloc
                                                            a R6 em estado invá
                                                            lido (reset)
  243 00000210         
  244 00000210 E7FF            B                ConferirSenha
  245 00000212         
  246 00000212         ConferirSenha
  247 00000212 F7FF FFFE       BL               MapMatrixKeyboard ; Lê o dígito
                                                             pressionado no tec
                                                            lado e guarda em R6
                                                            
  248 00000216         
  249 00000216 F818 9007       LDRB             R9, [R8, R7] ; coloca em R9 os 
                                                            digitos a senha
  250 0000021A 454E            CMP              R6, R9
  251 0000021C BF08 F10A 
              0A01             ADDEQ            R10, R10, #1 ; incrementar cont
                                                            ador de acertos se 
                                                            o digito inserido f
                                                            or igual o da memór
                                                            ia
  252 00000222         
  253 00000222 F44F 7680       MOV              R6, #INVALID_DIGIT ; Depois de 
                                                            contabilizado, inva
                                                            lida R6 para evitar
                                                             erros
  254 00000226 F04F 39FF       MOV              R9, #INVALID_PW_CHAR
  255 0000022A         
  256 0000022A F1BA 0F04       CMP              R10, #4
  257 0000022E D00A            BEQ              CofreAbrindo
  258 00000230         
  259 00000230 2F04            CMP              R7, #4      ; Verifica se 4 d?g
                                                            itos foram inserido
                                                            s
  260 00000232 DBEE            BLT              ConferirSenha ; Se não, volta p
                                                            ara o inicio
  261 00000234         
  262 00000234 F04F 0700       MOV              R7, #0



ARM Macro Assembler    Page 9 


  263 00000238 F10C 0C01       ADD              R12, R12, #1
  264 0000023C F1BC 0F03       CMP              R12, #3
  265 00000240 DBD0            BLT              PedeSenhaFechado
  266 00000242 F04F 0504       MOV              R5, #COFRE_TRAVADO
  267 00000246         
  268 00000246         CofreAbrindo
  269 00000246 F7FF FFFE       BL               LCD_Reset   ;limpa o display
  270 0000024A F44F 707A       MOV              R0, #1000   ; seta o tempo  de 
                                                            1s
  271 0000024E F7FF FFFE       BL               SysTick_Wait1ms
  272 00000252 4C21            LDR              R4,=cofre_abrindo ; muda a stri
                                                            ng que vai pro disp
                                                            lay
  273 00000254 F7FF FFFE       BL               LCD_PrintString ;imprime nova s
                                                            tring
  274 00000258 F241 3088       MOV              R0, #5000   ; seta o tempo de 5
                                                            s
  275 0000025C F7FF FFFE       BL               SysTick_Wait1ms
  276 00000260 F7FF FFFE       BL               LCD_Reset
  277 00000264 F04F 0500       MOV              R5, #INICIO
  278 00000268 F04F 0700       MOV              R7, #0      ; Zera R7
  279 0000026C F04F 0A00       MOV              R10, #0     ; Zera R10
  280 00000270         
  281 00000270 E739            B                MainLoop
  282 00000272         
  283 00000272         ModificaSenhaMestra
  284 00000272 F7FF FFFE       BL               LCD_Reset
  285 00000276 4C19            LDR              R4,=reset_senha_mestra ; muda a
                                                             string que vai pro
                                                             display
  286 00000278 F7FF FFFE       BL               LCD_PrintString ;imprime nova s
                                                            tring
  287 0000027C F44F 60FA       MOV              R0, #2000   ; seta o tempo de 2
                                                            s
  288 00000280 F7FF FFFE       BL               SysTick_Wait1ms
  289 00000284         
  290 00000284 F7FF FFFE       BL               LCD_Line2
  291 00000288 F04F 0704       MOV              R7, #4
  292 0000028C         DigitaSenhaMestra
  293 0000028C F7FF FFFE       BL               MapMatrixKeyboard
  294 00000290 F5B6 7F80       CMP              R6, #INVALID_DIGIT
  295 00000294 BF18            IT               NE
  296 00000296 F808 6007       STRBNE           R6, [R8, R7] ; guarda a senha
  297 0000029A F44F 7680       MOV              R6, #INVALID_DIGIT ; Depois de 
                                                            contabilizado, inva
                                                            lida R6 para evitar
                                                             erros
  298 0000029E         
  299 0000029E 2F08            CMP              R7, #8      ; Verifica se 4 d?g
                                                            itos foram inserido
                                                            s
  300 000002A0 DBF4            BLT              DigitaSenhaMestra ; Se não, vol
                                                            ta para o inicio 
  301 000002A2 D8FE            BHI              ModificaSenhaMestra
  302 000002A4 D0FF            BEQ              SenhaMestraAlterada
  303 000002A6         
  304 000002A6         SenhaMestraAlterada
  305 000002A6 F7FF FFFE       BL               LCD_Reset
  306 000002AA 4C0D            LDR              R4,=senha_mestra_alterada ; mud



ARM Macro Assembler    Page 10 


                                                            a a string que vai 
                                                            pro display
  307 000002AC F7FF FFFE       BL               LCD_PrintString ;imprime nova s
                                                            tring
  308 000002B0 F44F 60FA       MOV              R0, #2000   ; seta o tempo de 2
                                                            s
  309 000002B4 F7FF FFFE       BL               SysTick_Wait1ms
  310 000002B8 E715            B                MainLoop
  311 000002BA         
  312 000002BA         
  313 000002BA         ; ------------------------------------------------------
                       --------------------------------------------------------
                       -----------
  314 000002BA         ; Fim do Arquivo
  315 000002BA         ; ------------------------------------------------------
                       --------------------------------------------------------
                       ----------- 
  316 000002BA 00 00           ALIGN                        ;Garante que o fim 
                                                            da se??o est? alinh
                                                            ada 
  317 000002BC                 END                          ;Fim do arquivo
              00000000 
              00000000 
              00000000 
              00000000 
              00000000 
              00000000 
              00000000 
              00000000 
              00000000 
              00000000 
Command Line: --debug --xref --diag_suppress=9931,A1950W --cpu=Cortex-M4.fp.sp 
--depend=.\objects\main.d -o.\objects\main.o -IC:\Users\Arthur\AppData\Local\Ar
m\Packs\Keil\TM4C_DFP\1.1.0\Device\Include\TM4C129 --predefine="__EVAL SETA 1" 
--predefine="__UVISION_VERSION SETA 539" --predefine="TM4C1294NCPDT SETA 1" --l
ist=.\listings\main.lst main.s



ARM Macro Assembler    Page 1 Alphabetic symbol ordering
Relocatable symbols

DATA 00000000

Symbol: DATA
   Definitions
      At line 29 in file main.s
   Uses
      None
Comment: DATA unused
PASSWORDS 00000000

Symbol: PASSWORDS
   Definitions
      At line 36 in file main.s
   Uses
      At line 92 in file main.s
Comment: PASSWORDS used once
2 symbols



ARM Macro Assembler    Page 1 Alphabetic symbol ordering
Relocatable symbols

.text 00000000

Symbol: .text
   Definitions
      At line 40 in file main.s
   Uses
      None
Comment: .text unused
CofreAbrindo 00000246

Symbol: CofreAbrindo
   Definitions
      At line 268 in file main.s
   Uses
      At line 218 in file main.s
      At line 257 in file main.s

CofreFechado 00000178

Symbol: CofreFechado
   Definitions
      At line 170 in file main.s
   Uses
      At line 113 in file main.s
Comment: CofreFechado used once
CofreFechando 00000150

Symbol: CofreFechando
   Definitions
      At line 156 in file main.s
   Uses
      At line 111 in file main.s
      At line 154 in file main.s

CofreTravado 0000018C

Symbol: CofreTravado
   Definitions
      At line 179 in file main.s
   Uses
      At line 115 in file main.s
Comment: CofreTravado used once
ConferirSenha 00000212

Symbol: ConferirSenha
   Definitions
      At line 246 in file main.s
   Uses
      At line 244 in file main.s
      At line 260 in file main.s

ConferirSenhaMestra 000001C2

Symbol: ConferirSenhaMestra
   Definitions
      At line 207 in file main.s
   Uses
      At line 205 in file main.s
      At line 221 in file main.s



ARM Macro Assembler    Page 2 Alphabetic symbol ordering
Relocatable symbols


DestravaCofre 00000198

Symbol: DestravaCofre
   Definitions
      At line 185 in file main.s
   Uses
      At line 46 in file main.s
      At line 117 in file main.s

DigitaSenhaMestra 0000028C

Symbol: DigitaSenhaMestra
   Definitions
      At line 292 in file main.s
   Uses
      At line 300 in file main.s
Comment: DigitaSenhaMestra used once
EstadoInicial 00000100

Symbol: EstadoInicial
   Definitions
      At line 122 in file main.s
   Uses
      At line 107 in file main.s
Comment: EstadoInicial used once
InserirSenha 00000132

Symbol: InserirSenha
   Definitions
      At line 141 in file main.s
   Uses
      At line 109 in file main.s
      At line 149 in file main.s
      At line 153 in file main.s

MainLoop 000000E6

Symbol: MainLoop
   Definitions
      At line 104 in file main.s
   Uses
      At line 120 in file main.s
      At line 139 in file main.s
      At line 168 in file main.s
      At line 183 in file main.s
      At line 281 in file main.s
      At line 310 in file main.s

ModificaSenhaMestra 00000272

Symbol: ModificaSenhaMestra
   Definitions
      At line 283 in file main.s
   Uses
      At line 45 in file main.s
      At line 301 in file main.s

PedeSenhaFechado 000001E4



ARM Macro Assembler    Page 3 Alphabetic symbol ordering
Relocatable symbols


Symbol: PedeSenhaFechado
   Definitions
      At line 223 in file main.s
   Uses
      At line 177 in file main.s
      At line 265 in file main.s

SenhaMestraAlterada 000002A6

Symbol: SenhaMestraAlterada
   Definitions
      At line 304 in file main.s
   Uses
      At line 302 in file main.s
Comment: SenhaMestraAlterada used once
SolicitaSenha 00000112

Symbol: SolicitaSenha
   Definitions
      At line 129 in file main.s
   Uses
      At line 150 in file main.s
Comment: SolicitaSenha used once
Start 0000009A

Symbol: Start
   Definitions
      At line 80 in file main.s
   Uses
      At line 43 in file main.s
Comment: Start used once
cofre_aberto 00000000

Symbol: cofre_aberto
   Definitions
      At line 68 in file main.s
   Uses
      At line 124 in file main.s
Comment: cofre_aberto used once
cofre_abrindo 00000011

Symbol: cofre_abrindo
   Definitions
      At line 69 in file main.s
   Uses
      At line 272 in file main.s
Comment: cofre_abrindo used once
cofre_fechado 00000055

Symbol: cofre_fechado
   Definitions
      At line 73 in file main.s
   Uses
      At line 172 in file main.s
Comment: cofre_fechado used once
cofre_fechando 00000044

Symbol: cofre_fechando



ARM Macro Assembler    Page 4 Alphabetic symbol ordering
Relocatable symbols

   Definitions
      At line 72 in file main.s
   Uses
      At line 160 in file main.s
Comment: cofre_fechando used once
cofre_travado 00000088

Symbol: cofre_travado
   Definitions
      At line 76 in file main.s
   Uses
      At line 181 in file main.s
Comment: cofre_travado used once
digite_senha 00000022

Symbol: digite_senha
   Definitions
      At line 70 in file main.s
   Uses
      At line 132 in file main.s
      At line 188 in file main.s
      At line 226 in file main.s

reset_senha_mestra 00000066

Symbol: reset_senha_mestra
   Definitions
      At line 74 in file main.s
   Uses
      At line 285 in file main.s
Comment: reset_senha_mestra used once
senha_mestra_alterada 00000077

Symbol: senha_mestra_alterada
   Definitions
      At line 75 in file main.s
   Uses
      At line 306 in file main.s
Comment: senha_mestra_alterada used once
string_vazia 00000033

Symbol: string_vazia
   Definitions
      At line 71 in file main.s
   Uses
      At line 196 in file main.s
      At line 234 in file main.s

26 symbols



ARM Macro Assembler    Page 1 Alphabetic symbol ordering
Absolute symbols

COFRE_FECHADO 00000003

Symbol: COFRE_FECHADO
   Definitions
      At line 22 in file main.s
   Uses
      At line 112 in file main.s
      At line 165 in file main.s

COFRE_FECHANDO 00000002

Symbol: COFRE_FECHANDO
   Definitions
      At line 21 in file main.s
   Uses
      At line 110 in file main.s
      At line 152 in file main.s

COFRE_TRAVADO 00000004

Symbol: COFRE_TRAVADO
   Definitions
      At line 23 in file main.s
   Uses
      At line 114 in file main.s
      At line 266 in file main.s

CONFIG_SENHA 00000001

Symbol: CONFIG_SENHA
   Definitions
      At line 20 in file main.s
   Uses
      At line 108 in file main.s
      At line 137 in file main.s

DESTRAVA_COFRE 00000005

Symbol: DESTRAVA_COFRE
   Definitions
      At line 24 in file main.s
   Uses
      At line 116 in file main.s
Comment: DESTRAVA_COFRE used once
INICIO 00000000

Symbol: INICIO
   Definitions
      At line 19 in file main.s
   Uses
      At line 89 in file main.s
      At line 106 in file main.s
      At line 277 in file main.s

INVALID_DIGIT 00000100

Symbol: INVALID_DIGIT
   Definitions
      At line 17 in file main.s



ARM Macro Assembler    Page 2 Alphabetic symbol ordering
Absolute symbols

   Uses
      At line 87 in file main.s
      At line 143 in file main.s
      At line 146 in file main.s
      At line 201 in file main.s
      At line 214 in file main.s
      At line 242 in file main.s
      At line 253 in file main.s
      At line 294 in file main.s
      At line 297 in file main.s

INVALID_PW_CHAR FFFFFFFF

Symbol: INVALID_PW_CHAR
   Definitions
      At line 18 in file main.s
   Uses
      At line 215 in file main.s
      At line 254 in file main.s

8 symbols



ARM Macro Assembler    Page 1 Alphabetic symbol ordering
External symbols

GPIO_Init 00000000

Symbol: GPIO_Init
   Definitions
      At line 55 in file main.s
   Uses
      At line 83 in file main.s
Comment: GPIO_Init used once
LCD_Init 00000000

Symbol: LCD_Init
   Definitions
      At line 60 in file main.s
   Uses
      At line 86 in file main.s
Comment: LCD_Init used once
LCD_Line2 00000000

Symbol: LCD_Line2
   Definitions
      At line 61 in file main.s
   Uses
      At line 186 in file main.s
      At line 194 in file main.s
      At line 199 in file main.s
      At line 224 in file main.s
      At line 232 in file main.s
      At line 237 in file main.s
      At line 290 in file main.s

LCD_PrintString 00000000

Symbol: LCD_PrintString
   Definitions
      At line 63 in file main.s
   Uses
      At line 125 in file main.s
      At line 133 in file main.s
      At line 161 in file main.s
      At line 173 in file main.s
      At line 182 in file main.s
      At line 189 in file main.s
      At line 197 in file main.s
      At line 227 in file main.s
      At line 235 in file main.s
      At line 273 in file main.s
      At line 286 in file main.s
      At line 307 in file main.s

LCD_Reset 00000000

Symbol: LCD_Reset
   Definitions
      At line 62 in file main.s
   Uses
      At line 123 in file main.s
      At line 131 in file main.s
      At line 136 in file main.s
      At line 157 in file main.s



ARM Macro Assembler    Page 2 Alphabetic symbol ordering
External symbols

      At line 164 in file main.s
      At line 171 in file main.s
      At line 180 in file main.s
      At line 269 in file main.s
      At line 276 in file main.s
      At line 284 in file main.s
      At line 305 in file main.s

MapMatrixKeyboard 00000000

Symbol: MapMatrixKeyboard
   Definitions
      At line 65 in file main.s
   Uses
      At line 142 in file main.s
      At line 208 in file main.s
      At line 247 in file main.s
      At line 293 in file main.s

PLL_Init 00000000

Symbol: PLL_Init
   Definitions
      At line 51 in file main.s
   Uses
      At line 81 in file main.s
Comment: PLL_Init used once
PortA_Output 00000000

Symbol: PortA_Output
   Definitions
      At line 56 in file main.s
   Uses
      None
Comment: PortA_Output unused
PortP_Output 00000000

Symbol: PortP_Output
   Definitions
      At line 57 in file main.s
   Uses
      None
Comment: PortP_Output unused
PortQ_Output 00000000

Symbol: PortQ_Output
   Definitions
      At line 58 in file main.s
   Uses
      None
Comment: PortQ_Output unused
SysTick_Init 00000000

Symbol: SysTick_Init
   Definitions
      At line 52 in file main.s
   Uses
      At line 82 in file main.s
Comment: SysTick_Init used once



ARM Macro Assembler    Page 3 Alphabetic symbol ordering
External symbols

SysTick_Wait1ms 00000000

Symbol: SysTick_Wait1ms
   Definitions
      At line 53 in file main.s
   Uses
      At line 127 in file main.s
      At line 135 in file main.s
      At line 159 in file main.s
      At line 163 in file main.s
      At line 175 in file main.s
      At line 192 in file main.s
      At line 230 in file main.s
      At line 271 in file main.s
      At line 275 in file main.s
      At line 288 in file main.s
      At line 309 in file main.s

12 symbols
384 symbols in table
