<html>
<body>
<pre>
<h1>µVision Build Log</h1>
<h2>Tool Versions:</h2>
IDE-Version: µVision V5.39.0.0
Copyright (C) 2023 ARM Ltd and ARM Germany GmbH. All rights reserved.
License Information: Arthur Fenili, UTFPR, LIC=----
 
Tool Versions:
Toolchain:       MDK-Lite  Version: 5.39.0.0
Toolchain Path:  C:\Keil_v5\ARM\ARMCLANG\Bin
C Compiler:      ArmClang.exe V6.21
Assembler:       Armasm.exe V6.21
Linker/Locator:  ArmLink.exe V6.21
Library Manager: ArmAr.exe V6.21
Hex Converter:   FromElf.exe V6.21
CPU DLL:         SARMCM3.DLL V5.39.0.0
Dialog DLL:      DCM.DLL V1.17.5.0
Target DLL:      lmidk-agdi.dll V???
Dialog DLL:      TCM.DLL V1.56.4.0
 
<h2>Project:</h2>
C:\Users\Arthur\Documents\Microcontrolados\Lab04\exemplo.uvprojx
Project File Date:  06/06/2024

<h2>Output:</h2>
*** Using Compiler 'V6.21', folder: 'C:\Keil_v5\ARM\ARMCLANG\Bin'
Build target 'Target 1'
assembling teclado.s...
compiling teclado.c...
compiling lcd.c...
compiling gpio.c...
main.c(59): warning: incompatible pointer types passing 'uint32_t *' (aka 'unsigned int *') to parameter of type 'char *' [-Wincompatible-pointer-types]
   59 |                         LCD_WriteString(&key);
      |                                         ^~~~
./lcd.h(10): note: passing argument to parameter 'str' here
   10 | void LCD_WriteString (char* str);
      |                             ^
1 warning generated.
compiling main.c...
linking...
.\Objects\exemplo.axf: Warning: L6304W: Duplicate input file .\objects\teclado.o ignored.
Program Size: Code=2494 RO-data=34 RW-data=0 ZI-data=1136  
Finished: 0 information, 1 warning and 0 error messages.
".\Objects\exemplo.axf" - 0 Error(s), 2 Warning(s).

<h2>Software Packages used:</h2>

Package Vendor: Keil
                http://www.keil.com/pack/Keil.TM4C_DFP.1.1.0.pack
                Keil::TM4C_DFP@1.1.0
                Texas Instruments Tiva C Series Device Support and Examples

<h2>Collection of Component include folders:</h2>
  C:/Users/Arthur/AppData/Local/Arm/Packs/Keil/TM4C_DFP/1.1.0/Device/Include/TM4C129

<h2>Collection of Component Files used:</h2>
Build Time Elapsed:  00:00:00
</pre>
</body>
</html>
