Component: ARM Compiler 6.16 Tool: armlink [5dfeaa00]

==============================================================================

Section Cross References

    startup.o(STACK) refers (Special) to heapauxi.o(.text) for __use_two_region_memory
    startup.o(HEAP) refers (Special) to heapauxi.o(.text) for __use_two_region_memory
    startup.o(RESET) refers (Special) to heapauxi.o(.text) for __use_two_region_memory
    startup.o(RESET) refers to startup.o(STACK) for StackMem
    startup.o(RESET) refers to gpio.o(.text.Timer2A_Handler) for Timer2A_Handler
    startup.o(RESET) refers to gpio.o(.text.GPIOPortJ_Handler) for GPIOPortJ_Handler
    startup.o(RESET) refers to __main.o(!!!main) for __main
    startup.o(.text) refers (Special) to heapauxi.o(.text) for __use_two_region_memory
    startup.o(.text) refers to startup.o(HEAP) for HeapMem
    startup.o(.text) refers to startup.o(STACK) for StackMem
    motor_passo.o(.text.Motor_HOR_PC) refers to motor_passo.o(.bss.angulo) for angulo
    motor_passo.o(.text.Motor_HOR_PC) refers to motor_passo.o(.bss.sentido) for sentido
    motor_passo.o(.text.Motor_HOR_PC) refers to main.o(.bss.interrupcao) for interrupcao
    motor_passo.o(.text.Motor_HOR_PC) refers to motor_passo.o(.data.HOR_PC) for HOR_PC
    motor_passo.o(.text.Motor_HOR_PC) refers to utils.o(.text) for SysTick_Wait1ms
    motor_passo.o(.text.Motor_HOR_PC) refers to dflt.o(x$fpl$dflt) for __aeabi_i2d
    motor_passo.o(.text.Motor_HOR_PC) refers to dmul.o(x$fpl$dmul) for __aeabi_dmul
    motor_passo.o(.text.Motor_HOR_PC) refers to daddsub.o(x$fpl$dsub) for __aeabi_dsub
    motor_passo.o(.text.Motor_HOR_PC) refers to dfix.o(x$fpl$dfix) for __aeabi_d2iz
    motor_passo.o(.text.Motor_HOR_PC) refers to main.o(.text.atualizar_terminal) for atualizar_terminal
    motor_passo.o(.text.Motor_HOR_PC) refers to main.o(.text.fim) for fim
    motor_passo.o(.ARM.exidx.text.Motor_HOR_PC) refers to motor_passo.o(.text.Motor_HOR_PC) for [Anonymous Symbol]
    motor_passo.o(.text.Motor_AHO_PC) refers to motor_passo.o(.bss.angulo) for angulo
    motor_passo.o(.text.Motor_AHO_PC) refers to motor_passo.o(.bss.sentido) for sentido
    motor_passo.o(.text.Motor_AHO_PC) refers to main.o(.bss.interrupcao) for interrupcao
    motor_passo.o(.text.Motor_AHO_PC) refers to motor_passo.o(.data.AHO_PC) for AHO_PC
    motor_passo.o(.text.Motor_AHO_PC) refers to utils.o(.text) for SysTick_Wait1ms
    motor_passo.o(.text.Motor_AHO_PC) refers to dflt.o(x$fpl$dflt) for __aeabi_i2d
    motor_passo.o(.text.Motor_AHO_PC) refers to dmul.o(x$fpl$dmul) for __aeabi_dmul
    motor_passo.o(.text.Motor_AHO_PC) refers to daddsub.o(x$fpl$dsub) for __aeabi_dsub
    motor_passo.o(.text.Motor_AHO_PC) refers to dfix.o(x$fpl$dfix) for __aeabi_d2iz
    motor_passo.o(.text.Motor_AHO_PC) refers to main.o(.text.atualizar_terminal) for atualizar_terminal
    motor_passo.o(.text.Motor_AHO_PC) refers to main.o(.text.fim) for fim
    motor_passo.o(.ARM.exidx.text.Motor_AHO_PC) refers to motor_passo.o(.text.Motor_AHO_PC) for [Anonymous Symbol]
    motor_passo.o(.text.Motor_HOR_MP) refers to motor_passo.o(.bss.angulo) for angulo
    motor_passo.o(.text.Motor_HOR_MP) refers to motor_passo.o(.bss.sentido) for sentido
    motor_passo.o(.text.Motor_HOR_MP) refers to main.o(.bss.interrupcao) for interrupcao
    motor_passo.o(.text.Motor_HOR_MP) refers to motor_passo.o(.data.HOR_MP) for HOR_MP
    motor_passo.o(.text.Motor_HOR_MP) refers to utils.o(.text) for SysTick_Wait1ms
    motor_passo.o(.text.Motor_HOR_MP) refers to dflt.o(x$fpl$dflt) for __aeabi_i2d
    motor_passo.o(.text.Motor_HOR_MP) refers to dmul.o(x$fpl$dmul) for __aeabi_dmul
    motor_passo.o(.text.Motor_HOR_MP) refers to daddsub.o(x$fpl$dsub) for __aeabi_dsub
    motor_passo.o(.text.Motor_HOR_MP) refers to dfix.o(x$fpl$dfix) for __aeabi_d2iz
    motor_passo.o(.text.Motor_HOR_MP) refers to main.o(.text.atualizar_terminal) for atualizar_terminal
    motor_passo.o(.text.Motor_HOR_MP) refers to main.o(.text.fim) for fim
    motor_passo.o(.ARM.exidx.text.Motor_HOR_MP) refers to motor_passo.o(.text.Motor_HOR_MP) for [Anonymous Symbol]
    motor_passo.o(.text.Motor_AHO_MP) refers to motor_passo.o(.bss.angulo) for angulo
    motor_passo.o(.text.Motor_AHO_MP) refers to motor_passo.o(.bss.sentido) for sentido
    motor_passo.o(.text.Motor_AHO_MP) refers to main.o(.bss.interrupcao) for interrupcao
    motor_passo.o(.text.Motor_AHO_MP) refers to motor_passo.o(.data.AHO_MP) for AHO_MP
    motor_passo.o(.text.Motor_AHO_MP) refers to utils.o(.text) for SysTick_Wait1ms
    motor_passo.o(.text.Motor_AHO_MP) refers to dflt.o(x$fpl$dflt) for __aeabi_i2d
    motor_passo.o(.text.Motor_AHO_MP) refers to dmul.o(x$fpl$dmul) for __aeabi_dmul
    motor_passo.o(.text.Motor_AHO_MP) refers to daddsub.o(x$fpl$dsub) for __aeabi_dsub
    motor_passo.o(.text.Motor_AHO_MP) refers to dfix.o(x$fpl$dfix) for __aeabi_d2iz
    motor_passo.o(.text.Motor_AHO_MP) refers to main.o(.text.atualizar_terminal) for atualizar_terminal
    motor_passo.o(.text.Motor_AHO_MP) refers to main.o(.text.fim) for fim
    motor_passo.o(.ARM.exidx.text.Motor_AHO_MP) refers to motor_passo.o(.text.Motor_AHO_MP) for [Anonymous Symbol]
    main.o(.text.main) refers to utils.o(.text) for PLL_Init
    main.o(.text.main) refers to gpio.o(.text.GPIO_Init) for GPIO_Init
    main.o(.text.main) refers to gpio.o(.text.TIMER_Init) for TIMER_Init
    main.o(.text.main) refers to main.o(.bss.rxfe) for rxfe
    main.o(.text.main) refers to main.o(.bss.rxdata) for rxdata
    main.o(.text.main) refers to main.o(.bss.txff) for txff
    main.o(.text.main) refers to main.o(.bss.timer) for timer
    main.o(.text.main) refers to main.o(.bss.interrupcao) for interrupcao
    main.o(.text.main) refers to main.o(.text.pedir_sentido) for pedir_sentido
    main.o(.text.main) refers to main.o(.text.pedir_velocidade) for pedir_velocidade
    main.o(.text.main) refers to main.o(.text.pedir_voltas) for pedir_voltas
    main.o(.text.main) refers to motor_passo.o(.text.Motor_AHO_PC) for Motor_AHO_PC
    main.o(.text.main) refers to motor_passo.o(.text.Motor_HOR_PC) for Motor_HOR_PC
    main.o(.text.main) refers to motor_passo.o(.text.Motor_HOR_MP) for Motor_HOR_MP
    main.o(.text.main) refers to motor_passo.o(.text.Motor_AHO_MP) for Motor_AHO_MP
    main.o(.ARM.exidx.text.main) refers to main.o(.text.main) for [Anonymous Symbol]
    main.o(.text.receber) refers to main.o(.bss.rxfe) for rxfe
    main.o(.text.receber) refers to main.o(.bss.rxdata) for rxdata
    main.o(.ARM.exidx.text.receber) refers to main.o(.text.receber) for [Anonymous Symbol]
    main.o(.text.transmitir) refers to main.o(.bss.txff) for txff
    main.o(.ARM.exidx.text.transmitir) refers to main.o(.text.transmitir) for [Anonymous Symbol]
    main.o(.text.pedir_sentido) refers to main.o(.rodata.cst8) for .L__const.pedir_sentido.s
    main.o(.text.pedir_sentido) refers to main.o(.bss.txff) for txff
    main.o(.text.pedir_sentido) refers to main.o(.bss.rxfe) for rxfe
    main.o(.text.pedir_sentido) refers to main.o(.bss.rxdata) for rxdata
    main.o(.ARM.exidx.text.pedir_sentido) refers to main.o(.text.pedir_sentido) for [Anonymous Symbol]
    main.o(.text.pedir_velocidade) refers to main.o(.rodata..L__const.pedir_velocidade.ve) for .L__const.pedir_velocidade.ve
    main.o(.text.pedir_velocidade) refers to main.o(.bss.txff) for txff
    main.o(.text.pedir_velocidade) refers to main.o(.bss.rxfe) for rxfe
    main.o(.text.pedir_velocidade) refers to main.o(.bss.rxdata) for rxdata
    main.o(.ARM.exidx.text.pedir_velocidade) refers to main.o(.text.pedir_velocidade) for [Anonymous Symbol]
    main.o(.text.pedir_voltas) refers to main.o(.rodata..L__const.pedir_voltas.v) for .L__const.pedir_voltas.v
    main.o(.text.pedir_voltas) refers to main.o(.bss.txff) for txff
    main.o(.text.pedir_voltas) refers to main.o(.bss.rxfe) for rxfe
    main.o(.text.pedir_voltas) refers to main.o(.bss.rxdata) for rxdata
    main.o(.ARM.exidx.text.pedir_voltas) refers to main.o(.text.pedir_voltas) for [Anonymous Symbol]
    main.o(.text.movimenta_motor) refers to main.o(.bss.timer) for timer
    main.o(.text.movimenta_motor) refers to motor_passo.o(.text.Motor_AHO_PC) for Motor_AHO_PC
    main.o(.text.movimenta_motor) refers to motor_passo.o(.text.Motor_HOR_PC) for Motor_HOR_PC
    main.o(.text.movimenta_motor) refers to motor_passo.o(.text.Motor_HOR_MP) for Motor_HOR_MP
    main.o(.text.movimenta_motor) refers to motor_passo.o(.text.Motor_AHO_MP) for Motor_AHO_MP
    main.o(.ARM.exidx.text.movimenta_motor) refers to main.o(.text.movimenta_motor) for [Anonymous Symbol]
    main.o(.text.esperar_ast) refers to main.o(.bss.rxfe) for rxfe
    main.o(.text.esperar_ast) refers to main.o(.bss.rxdata) for rxdata
    main.o(.text.esperar_ast) refers to main.o(.bss.txff) for txff
    main.o(.ARM.exidx.text.esperar_ast) refers to main.o(.text.esperar_ast) for [Anonymous Symbol]
    main.o(.text.pedir_angulo) refers to main.o(.bss.rxfe) for rxfe
    main.o(.text.pedir_angulo) refers to main.o(.bss.rxdata) for rxdata
    main.o(.ARM.exidx.text.pedir_angulo) refers to main.o(.text.pedir_angulo) for [Anonymous Symbol]
    main.o(.ARM.exidx.text.hex_to_int) refers to main.o(.text.hex_to_int) for [Anonymous Symbol]
    main.o(.text.atualizar_terminal) refers to main.o(.bss.txff) for txff
    main.o(.ARM.exidx.text.atualizar_terminal) refers to main.o(.text.atualizar_terminal) for [Anonymous Symbol]
    main.o(.text.Pisca_Transistor) refers to gpio.o(.text.PortP_Output) for PortP_Output
    main.o(.text.Pisca_Transistor) refers to utils.o(.text) for SysTick_Wait1ms
    main.o(.ARM.exidx.text.Pisca_Transistor) refers to main.o(.text.Pisca_Transistor) for [Anonymous Symbol]
    main.o(.text.fim) refers to main.o(.bss.timer) for timer
    main.o(.text.fim) refers to main.o(.bss.txff) for txff
    main.o(.ARM.exidx.text.fim) refers to main.o(.text.fim) for [Anonymous Symbol]
    gpio.o(.ARM.exidx.text.GPIO_Init) refers to gpio.o(.text.GPIO_Init) for [Anonymous Symbol]
    gpio.o(.ARM.exidx.text.TIMER_Init) refers to gpio.o(.text.TIMER_Init) for [Anonymous Symbol]
    gpio.o(.ARM.exidx.text.PortJ_Input) refers to gpio.o(.text.PortJ_Input) for [Anonymous Symbol]
    gpio.o(.text.GPIOPortJ_Handler) refers to main.o(.bss.interrupcao) for interrupcao
    gpio.o(.text.GPIOPortJ_Handler) refers to main.o(.bss.timer) for timer
    gpio.o(.ARM.exidx.text.GPIOPortJ_Handler) refers to gpio.o(.text.GPIOPortJ_Handler) for [Anonymous Symbol]
    gpio.o(.ARM.exidx.text.PortN_Output) refers to gpio.o(.text.PortN_Output) for [Anonymous Symbol]
    gpio.o(.ARM.exidx.text.PortH_Output) refers to gpio.o(.text.PortH_Output) for [Anonymous Symbol]
    gpio.o(.ARM.exidx.text.PortP_Output) refers to gpio.o(.text.PortP_Output) for [Anonymous Symbol]
    gpio.o(.text.invertePino0) refers to motor_passo.o(.bss.sentido) for sentido
    gpio.o(.text.invertePino0) refers to motor_passo.o(.bss.angulo) for angulo
    gpio.o(.text.invertePino0) refers to main.o(.text.Pisca_Transistor) for Pisca_Transistor
    gpio.o(.ARM.exidx.text.invertePino0) refers to gpio.o(.text.invertePino0) for [Anonymous Symbol]
    gpio.o(.text.Timer2A_Handler) refers to main.o(.bss.timer) for timer
    gpio.o(.text.Timer2A_Handler) refers to gpio.o(.text.invertePino0) for invertePino0
    gpio.o(.ARM.exidx.text.Timer2A_Handler) refers to gpio.o(.text.Timer2A_Handler) for [Anonymous Symbol]
    __main.o(!!!main) refers to __rtentry.o(.ARM.Collect$$rtentry$$00000000) for __rt_entry
    daddsub.o(x$fpl$dadd) refers (Special) to usenofp.o(x$fpl$usenofp) for __I$use$fp
    daddsub.o(x$fpl$dsub) refers (Special) to usenofp.o(x$fpl$usenofp) for __I$use$fp
    daddsub.o(x$fpl$drsb) refers (Special) to usenofp.o(x$fpl$usenofp) for __I$use$fp
    dfix.o(x$fpl$dfix) refers (Special) to usenofp.o(x$fpl$usenofp) for __I$use$fp
    dfix.o(x$fpl$dfixr) refers (Special) to usenofp.o(x$fpl$usenofp) for __I$use$fp
    dflt.o(x$fpl$dfltu) refers (Special) to usenofp.o(x$fpl$usenofp) for __I$use$fp
    dflt.o(x$fpl$dflt) refers (Special) to usenofp.o(x$fpl$usenofp) for __I$use$fp
    dmul.o(x$fpl$dmul) refers (Special) to usenofp.o(x$fpl$usenofp) for __I$use$fp
    __rtentry.o(.ARM.Collect$$rtentry$$00000000) refers (Special) to __rtentry2.o(.ARM.Collect$$rtentry$$0000000A) for __rt_entry_li
    __rtentry.o(.ARM.Collect$$rtentry$$00000000) refers (Special) to __rtentry2.o(.ARM.Collect$$rtentry$$0000000D) for __rt_entry_main
    __rtentry.o(.ARM.Collect$$rtentry$$00000000) refers (Special) to __rtentry2.o(.ARM.Collect$$rtentry$$0000000C) for __rt_entry_postli_1
    __rtentry.o(.ARM.Collect$$rtentry$$00000000) refers (Special) to __rtentry2.o(.ARM.Collect$$rtentry$$00000009) for __rt_entry_postsh_1
    __rtentry.o(.ARM.Collect$$rtentry$$00000000) refers (Special) to __rtentry2.o(.ARM.Collect$$rtentry$$00000002) for __rt_entry_presh_1
    __rtentry.o(.ARM.Collect$$rtentry$$00000000) refers (Special) to __rtentry4.o(.ARM.Collect$$rtentry$$00000004) for __rt_entry_sh
    __rtentry2.o(.ARM.Collect$$rtentry$$00000008) refers to boardinit2.o(.text) for _platform_post_stackheap_init
    __rtentry2.o(.ARM.Collect$$rtentry$$0000000A) refers to libinit.o(.ARM.Collect$$libinit$$00000000) for __rt_lib_init
    __rtentry2.o(.ARM.Collect$$rtentry$$0000000B) refers to boardinit3.o(.text) for _platform_post_lib_init
    __rtentry2.o(.ARM.Collect$$rtentry$$0000000D) refers to main.o(.text.main) for main
    __rtentry2.o(.ARM.Collect$$rtentry$$0000000D) refers to exit.o(.text) for exit
    __rtentry2.o(.ARM.exidx) refers to __rtentry2.o(.ARM.Collect$$rtentry$$00000001) for .ARM.Collect$$rtentry$$00000001
    __rtentry2.o(.ARM.exidx) refers to __rtentry2.o(.ARM.Collect$$rtentry$$00000008) for .ARM.Collect$$rtentry$$00000008
    __rtentry2.o(.ARM.exidx) refers to __rtentry2.o(.ARM.Collect$$rtentry$$0000000A) for .ARM.Collect$$rtentry$$0000000A
    __rtentry2.o(.ARM.exidx) refers to __rtentry2.o(.ARM.Collect$$rtentry$$0000000B) for .ARM.Collect$$rtentry$$0000000B
    __rtentry2.o(.ARM.exidx) refers to __rtentry2.o(.ARM.Collect$$rtentry$$0000000D) for .ARM.Collect$$rtentry$$0000000D
    __rtentry4.o(.ARM.Collect$$rtentry$$00000004) refers to sys_stackheap_outer.o(.text) for __user_setup_stackheap
    __rtentry4.o(.ARM.exidx) refers to __rtentry4.o(.ARM.Collect$$rtentry$$00000004) for .ARM.Collect$$rtentry$$00000004
    sys_stackheap_outer.o(.text) refers to libspace.o(.text) for __user_perproc_libspace
    sys_stackheap_outer.o(.text) refers to startup.o(.text) for __user_initial_stackheap
    exit.o(.text) refers to rtexit.o(.ARM.Collect$$rtexit$$00000000) for __rt_exit
    libinit.o(.ARM.Collect$$libinit$$00000000) refers (Special) to libinit2.o(.ARM.Collect$$libinit$$0000002E) for __rt_lib_init_alloca_1
    libinit.o(.ARM.Collect$$libinit$$00000000) refers (Special) to libinit2.o(.ARM.Collect$$libinit$$0000002C) for __rt_lib_init_argv_1
    libinit.o(.ARM.Collect$$libinit$$00000000) refers (Special) to libinit2.o(.ARM.Collect$$libinit$$0000001B) for __rt_lib_init_atexit_1
    libinit.o(.ARM.Collect$$libinit$$00000000) refers (Special) to libinit2.o(.ARM.Collect$$libinit$$00000021) for __rt_lib_init_clock_1
    libinit.o(.ARM.Collect$$libinit$$00000000) refers (Special) to libinit2.o(.ARM.Collect$$libinit$$00000032) for __rt_lib_init_cpp_1
    libinit.o(.ARM.Collect$$libinit$$00000000) refers (Special) to libinit2.o(.ARM.Collect$$libinit$$00000030) for __rt_lib_init_exceptions_1
    libinit.o(.ARM.Collect$$libinit$$00000000) refers (Special) to libinit2.o(.ARM.Collect$$libinit$$00000001) for __rt_lib_init_fp_1
    libinit.o(.ARM.Collect$$libinit$$00000000) refers (Special) to libinit2.o(.ARM.Collect$$libinit$$0000001F) for __rt_lib_init_fp_trap_1
    libinit.o(.ARM.Collect$$libinit$$00000000) refers (Special) to libinit2.o(.ARM.Collect$$libinit$$00000023) for __rt_lib_init_getenv_1
    libinit.o(.ARM.Collect$$libinit$$00000000) refers (Special) to libinit2.o(.ARM.Collect$$libinit$$0000000A) for __rt_lib_init_heap_1
    libinit.o(.ARM.Collect$$libinit$$00000000) refers (Special) to libinit2.o(.ARM.Collect$$libinit$$00000011) for __rt_lib_init_lc_collate_1
    libinit.o(.ARM.Collect$$libinit$$00000000) refers (Special) to libinit2.o(.ARM.Collect$$libinit$$00000013) for __rt_lib_init_lc_ctype_1
    libinit.o(.ARM.Collect$$libinit$$00000000) refers (Special) to libinit2.o(.ARM.Collect$$libinit$$00000015) for __rt_lib_init_lc_monetary_1
    libinit.o(.ARM.Collect$$libinit$$00000000) refers (Special) to libinit2.o(.ARM.Collect$$libinit$$00000017) for __rt_lib_init_lc_numeric_1
    libinit.o(.ARM.Collect$$libinit$$00000000) refers (Special) to libinit2.o(.ARM.Collect$$libinit$$00000019) for __rt_lib_init_lc_time_1
    libinit.o(.ARM.Collect$$libinit$$00000000) refers (Special) to libinit2.o(.ARM.Collect$$libinit$$00000004) for __rt_lib_init_preinit_1
    libinit.o(.ARM.Collect$$libinit$$00000000) refers (Special) to libinit2.o(.ARM.Collect$$libinit$$0000000E) for __rt_lib_init_rand_1
    libinit.o(.ARM.Collect$$libinit$$00000000) refers (Special) to libinit2.o(.ARM.Collect$$libinit$$00000033) for __rt_lib_init_return
    libinit.o(.ARM.Collect$$libinit$$00000000) refers (Special) to libinit2.o(.ARM.Collect$$libinit$$0000001D) for __rt_lib_init_signal_1
    libinit.o(.ARM.Collect$$libinit$$00000000) refers (Special) to libinit2.o(.ARM.Collect$$libinit$$00000025) for __rt_lib_init_stdio_1
    libinit.o(.ARM.Collect$$libinit$$00000000) refers (Special) to libinit2.o(.ARM.Collect$$libinit$$0000000C) for __rt_lib_init_user_alloc_1
    libspace.o(.text) refers to libspace.o(.bss) for __libspace_start
    rtexit.o(.ARM.Collect$$rtexit$$00000000) refers (Special) to rtexit2.o(.ARM.Collect$$rtexit$$00000004) for __rt_exit_exit
    rtexit.o(.ARM.Collect$$rtexit$$00000000) refers (Special) to rtexit2.o(.ARM.Collect$$rtexit$$00000003) for __rt_exit_ls
    rtexit.o(.ARM.Collect$$rtexit$$00000000) refers (Special) to rtexit2.o(.ARM.Collect$$rtexit$$00000002) for __rt_exit_prels_1
    rtexit.o(.ARM.exidx) refers (Special) to rtexit2.o(.ARM.Collect$$rtexit$$00000004) for __rt_exit_exit
    rtexit.o(.ARM.exidx) refers (Special) to rtexit2.o(.ARM.Collect$$rtexit$$00000003) for __rt_exit_ls
    rtexit.o(.ARM.exidx) refers (Special) to rtexit2.o(.ARM.Collect$$rtexit$$00000002) for __rt_exit_prels_1
    rtexit.o(.ARM.exidx) refers to rtexit.o(.ARM.Collect$$rtexit$$00000000) for .ARM.Collect$$rtexit$$00000000
    libinit2.o(.ARM.Collect$$libinit$$00000001) refers to fpinit.o(x$fpl$fpinit) for _fp_init
    libinit2.o(.ARM.Collect$$libinit$$00000010) refers to libinit2.o(.ARM.Collect$$libinit$$0000000F) for .ARM.Collect$$libinit$$0000000F
    libinit2.o(.ARM.Collect$$libinit$$00000012) refers to libinit2.o(.ARM.Collect$$libinit$$0000000F) for .ARM.Collect$$libinit$$0000000F
    libinit2.o(.ARM.Collect$$libinit$$00000014) refers to libinit2.o(.ARM.Collect$$libinit$$0000000F) for .ARM.Collect$$libinit$$0000000F
    libinit2.o(.ARM.Collect$$libinit$$00000016) refers to libinit2.o(.ARM.Collect$$libinit$$0000000F) for .ARM.Collect$$libinit$$0000000F
    libinit2.o(.ARM.Collect$$libinit$$00000018) refers to libinit2.o(.ARM.Collect$$libinit$$0000000F) for .ARM.Collect$$libinit$$0000000F
    libinit2.o(.ARM.Collect$$libinit$$00000026) refers to argv_veneer.o(.emb_text) for __ARM_argv_veneer
    libinit2.o(.ARM.Collect$$libinit$$00000027) refers to argv_veneer.o(.emb_text) for __ARM_argv_veneer
    rtexit2.o(.ARM.Collect$$rtexit$$00000003) refers to libshutdown.o(.ARM.Collect$$libshutdown$$00000000) for __rt_lib_shutdown
    rtexit2.o(.ARM.Collect$$rtexit$$00000004) refers to sys_exit.o(.text) for _sys_exit
    rtexit2.o(.ARM.exidx) refers to rtexit2.o(.ARM.Collect$$rtexit$$00000001) for .ARM.Collect$$rtexit$$00000001
    rtexit2.o(.ARM.exidx) refers to rtexit2.o(.ARM.Collect$$rtexit$$00000003) for .ARM.Collect$$rtexit$$00000003
    rtexit2.o(.ARM.exidx) refers to rtexit2.o(.ARM.Collect$$rtexit$$00000004) for .ARM.Collect$$rtexit$$00000004
    argv_veneer.o(.emb_text) refers to no_argv.o(.text) for __ARM_get_argv
    sys_exit.o(.text) refers (Special) to use_no_semi.o(.text) for __I$use$semihosting
    sys_exit.o(.text) refers (Special) to indicate_semi.o(.text) for __semihosting_library_function
    sys_exit_hlt.o(.text) refers (Special) to use_no_semi.o(.text) for __I$use$semihosting
    sys_exit_hlt.o(.text) refers (Special) to indicate_semi.o(.text) for __semihosting_library_function
    _get_argv_nomalloc.o(.text) refers (Special) to hrguard.o(.text) for __heap_region$guard
    _get_argv_nomalloc.o(.text) refers to defsig_rtmem_outer.o(.text) for __rt_SIGRTMEM
    _get_argv_nomalloc.o(.text) refers to sys_command.o(.text) for _sys_command_string
    libshutdown.o(.ARM.Collect$$libshutdown$$00000000) refers (Special) to libshutdown2.o(.ARM.Collect$$libshutdown$$00000002) for __rt_lib_shutdown_cpp_1
    libshutdown.o(.ARM.Collect$$libshutdown$$00000000) refers (Special) to libshutdown2.o(.ARM.Collect$$libshutdown$$00000007) for __rt_lib_shutdown_fp_trap_1
    libshutdown.o(.ARM.Collect$$libshutdown$$00000000) refers (Special) to libshutdown2.o(.ARM.Collect$$libshutdown$$0000000F) for __rt_lib_shutdown_heap_1
    libshutdown.o(.ARM.Collect$$libshutdown$$00000000) refers (Special) to libshutdown2.o(.ARM.Collect$$libshutdown$$00000010) for __rt_lib_shutdown_return
    libshutdown.o(.ARM.Collect$$libshutdown$$00000000) refers (Special) to libshutdown2.o(.ARM.Collect$$libshutdown$$0000000A) for __rt_lib_shutdown_signal_1
    libshutdown.o(.ARM.Collect$$libshutdown$$00000000) refers (Special) to libshutdown2.o(.ARM.Collect$$libshutdown$$00000004) for __rt_lib_shutdown_stdio_1
    libshutdown.o(.ARM.Collect$$libshutdown$$00000000) refers (Special) to libshutdown2.o(.ARM.Collect$$libshutdown$$0000000C) for __rt_lib_shutdown_user_alloc_1
    sys_command.o(.text) refers (Special) to use_no_semi.o(.text) for __I$use$semihosting
    sys_command.o(.text) refers (Special) to indicate_semi.o(.text) for __semihosting_library_function
    sys_command_hlt.o(.text) refers (Special) to use_no_semi.o(.text) for __I$use$semihosting
    sys_command_hlt.o(.text) refers (Special) to indicate_semi.o(.text) for __semihosting_library_function
    defsig_rtmem_outer.o(.text) refers to defsig_rtmem_inner.o(.text) for __rt_SIGRTMEM_inner
    defsig_rtmem_outer.o(.text) refers to defsig_exit.o(.text) for __sig_exit
    defsig_rtmem_formal.o(.text) refers to rt_raise.o(.text) for __rt_raise
    rt_raise.o(.text) refers to __raise.o(.text) for __raise
    rt_raise.o(.text) refers to sys_exit.o(.text) for _sys_exit
    defsig_exit.o(.text) refers to sys_exit.o(.text) for _sys_exit
    defsig_rtmem_inner.o(.text) refers to defsig_general.o(.text) for __default_signal_display
    __raise.o(.text) refers to defsig.o(CL$$defsig) for __default_signal_handler
    defsig_general.o(.text) refers to sys_wrch.o(.text) for _ttywrch
    sys_wrch.o(.text) refers (Special) to use_no_semi.o(.text) for __I$use$semihosting
    sys_wrch.o(.text) refers (Special) to indicate_semi.o(.text) for __semihosting_library_function
    sys_wrch_hlt.o(.text) refers (Special) to use_no_semi.o(.text) for __I$use$semihosting
    sys_wrch_hlt.o(.text) refers (Special) to indicate_semi.o(.text) for __semihosting_library_function
    defsig.o(CL$$defsig) refers to defsig_rtmem_inner.o(.text) for __rt_SIGRTMEM_inner
    defsig_abrt_inner.o(.text) refers to defsig_general.o(.text) for __default_signal_display
    defsig_fpe_inner.o(.text) refers to defsig_general.o(.text) for __default_signal_display
    defsig_rtred_inner.o(.text) refers to defsig_general.o(.text) for __default_signal_display
    defsig_stak_inner.o(.text) refers to defsig_general.o(.text) for __default_signal_display
    defsig_pvfn_inner.o(.text) refers to defsig_general.o(.text) for __default_signal_display
    defsig_cppl_inner.o(.text) refers to defsig_general.o(.text) for __default_signal_display
    defsig_segv_inner.o(.text) refers to defsig_general.o(.text) for __default_signal_display
    defsig_other.o(.text) refers to defsig_general.o(.text) for __default_signal_display


==============================================================================

Removing Unused input sections from the image.

    Removing motor_passo.o(.text), (0 bytes).
    Removing motor_passo.o(.ARM.exidx.text.Motor_HOR_PC), (8 bytes).
    Removing motor_passo.o(.ARM.exidx.text.Motor_AHO_PC), (8 bytes).
    Removing motor_passo.o(.ARM.exidx.text.Motor_HOR_MP), (8 bytes).
    Removing motor_passo.o(.ARM.exidx.text.Motor_AHO_MP), (8 bytes).
    Removing main.o(.text), (0 bytes).
    Removing main.o(.ARM.exidx.text.main), (8 bytes).
    Removing main.o(.text.receber), (42 bytes).
    Removing main.o(.ARM.exidx.text.receber), (8 bytes).
    Removing main.o(.text.transmitir), (30 bytes).
    Removing main.o(.ARM.exidx.text.transmitir), (8 bytes).
    Removing main.o(.ARM.exidx.text.pedir_sentido), (8 bytes).
    Removing main.o(.ARM.exidx.text.pedir_velocidade), (8 bytes).
    Removing main.o(.ARM.exidx.text.pedir_voltas), (8 bytes).
    Removing main.o(.text.movimenta_motor), (70 bytes).
    Removing main.o(.ARM.exidx.text.movimenta_motor), (8 bytes).
    Removing main.o(.text.esperar_ast), (144 bytes).
    Removing main.o(.ARM.exidx.text.esperar_ast), (8 bytes).
    Removing main.o(.text.pedir_angulo), (152 bytes).
    Removing main.o(.ARM.exidx.text.pedir_angulo), (8 bytes).
    Removing main.o(.text.hex_to_int), (30 bytes).
    Removing main.o(.ARM.exidx.text.hex_to_int), (8 bytes).
    Removing main.o(.ARM.exidx.text.atualizar_terminal), (8 bytes).
    Removing main.o(.ARM.exidx.text.Pisca_Transistor), (8 bytes).
    Removing main.o(.ARM.exidx.text.fim), (8 bytes).
    Removing main.o(.ARM.use_no_argv), (4 bytes).
    Removing gpio.o(.text), (0 bytes).
    Removing gpio.o(.ARM.exidx.text.GPIO_Init), (8 bytes).
    Removing gpio.o(.ARM.exidx.text.TIMER_Init), (8 bytes).
    Removing gpio.o(.text.PortJ_Input), (12 bytes).
    Removing gpio.o(.ARM.exidx.text.PortJ_Input), (8 bytes).
    Removing gpio.o(.ARM.exidx.text.GPIOPortJ_Handler), (8 bytes).
    Removing gpio.o(.text.PortN_Output), (20 bytes).
    Removing gpio.o(.ARM.exidx.text.PortN_Output), (8 bytes).
    Removing gpio.o(.text.PortH_Output), (14 bytes).
    Removing gpio.o(.ARM.exidx.text.PortH_Output), (8 bytes).
    Removing gpio.o(.ARM.exidx.text.PortP_Output), (8 bytes).
    Removing gpio.o(.ARM.exidx.text.invertePino0), (8 bytes).
    Removing gpio.o(.ARM.exidx.text.Timer2A_Handler), (8 bytes).

39 unused section(s) (total 726 bytes) removed from the image.

==============================================================================

Image Symbol Table

    Local Symbols

    Symbol Name                              Value     Ov Type        Size  Object(Section)

    ../clib/angel/boardlib.s                 0x00000000   Number         0  boardinit1.o ABSOLUTE
    ../clib/angel/boardlib.s                 0x00000000   Number         0  boardinit2.o ABSOLUTE
    ../clib/angel/boardlib.s                 0x00000000   Number         0  boardinit3.o ABSOLUTE
    ../clib/angel/boardlib.s                 0x00000000   Number         0  boardshut.o ABSOLUTE
    ../clib/angel/handlers.s                 0x00000000   Number         0  __scatter_copy.o ABSOLUTE
    ../clib/angel/handlers.s                 0x00000000   Number         0  __scatter_zi.o ABSOLUTE
    ../clib/angel/kernel.s                   0x00000000   Number         0  __rtentry.o ABSOLUTE
    ../clib/angel/kernel.s                   0x00000000   Number         0  __rtentry2.o ABSOLUTE
    ../clib/angel/kernel.s                   0x00000000   Number         0  __rtentry4.o ABSOLUTE
    ../clib/angel/kernel.s                   0x00000000   Number         0  rtexit.o ABSOLUTE
    ../clib/angel/kernel.s                   0x00000000   Number         0  rtexit2.o ABSOLUTE
    ../clib/angel/rt.s                       0x00000000   Number         0  rt_raise.o ABSOLUTE
    ../clib/angel/scatter.s                  0x00000000   Number         0  __scatter.o ABSOLUTE
    ../clib/angel/startup.s                  0x00000000   Number         0  __main.o ABSOLUTE
    ../clib/angel/sys.s                      0x00000000   Number         0  sys_stackheap_outer.o ABSOLUTE
    ../clib/angel/sys.s                      0x00000000   Number         0  libspace.o ABSOLUTE
    ../clib/angel/sys.s                      0x00000000   Number         0  use_no_semi.o ABSOLUTE
    ../clib/angel/sys.s                      0x00000000   Number         0  indicate_semi.o ABSOLUTE
    ../clib/angel/sysapp.c                   0x00000000   Number         0  sys_exit.o ABSOLUTE
    ../clib/angel/sysapp.c                   0x00000000   Number         0  sys_exit_hlt.o ABSOLUTE
    ../clib/angel/sysapp.c                   0x00000000   Number         0  sys_command.o ABSOLUTE
    ../clib/angel/sysapp.c                   0x00000000   Number         0  sys_command_hlt.o ABSOLUTE
    ../clib/angel/sysapp.c                   0x00000000   Number         0  sys_wrch.o ABSOLUTE
    ../clib/angel/sysapp.c                   0x00000000   Number         0  sys_wrch_hlt.o ABSOLUTE
    ../clib/armsys.c                         0x00000000   Number         0  argv_veneer.o ABSOLUTE
    ../clib/armsys.c                         0x00000000   Number         0  argv_veneer.o ABSOLUTE
    ../clib/armsys.c                         0x00000000   Number         0  _get_argv_nomalloc.o ABSOLUTE
    ../clib/armsys.c                         0x00000000   Number         0  no_argv.o ABSOLUTE
    ../clib/heapalloc.c                      0x00000000   Number         0  hrguard.o ABSOLUTE
    ../clib/heapaux.c                        0x00000000   Number         0  heapauxi.o ABSOLUTE
    ../clib/libinit.s                        0x00000000   Number         0  libinit.o ABSOLUTE
    ../clib/libinit.s                        0x00000000   Number         0  libinit2.o ABSOLUTE
    ../clib/libinit.s                        0x00000000   Number         0  libshutdown.o ABSOLUTE
    ../clib/libinit.s                        0x00000000   Number         0  libshutdown2.o ABSOLUTE
    ../clib/signal.c                         0x00000000   Number         0  defsig_rtmem_outer.o ABSOLUTE
    ../clib/signal.c                         0x00000000   Number         0  defsig_rtmem_formal.o ABSOLUTE
    ../clib/signal.c                         0x00000000   Number         0  defsig_exit.o ABSOLUTE
    ../clib/signal.c                         0x00000000   Number         0  defsig_rtmem_inner.o ABSOLUTE
    ../clib/signal.c                         0x00000000   Number         0  __raise.o ABSOLUTE
    ../clib/signal.c                         0x00000000   Number         0  defsig_general.o ABSOLUTE
    ../clib/signal.c                         0x00000000   Number         0  defsig_abrt_inner.o ABSOLUTE
    ../clib/signal.c                         0x00000000   Number         0  defsig_fpe_inner.o ABSOLUTE
    ../clib/signal.c                         0x00000000   Number         0  defsig_rtred_inner.o ABSOLUTE
    ../clib/signal.c                         0x00000000   Number         0  defsig_stak_inner.o ABSOLUTE
    ../clib/signal.c                         0x00000000   Number         0  defsig_pvfn_inner.o ABSOLUTE
    ../clib/signal.c                         0x00000000   Number         0  defsig_cppl_inner.o ABSOLUTE
    ../clib/signal.c                         0x00000000   Number         0  defsig_segv_inner.o ABSOLUTE
    ../clib/signal.c                         0x00000000   Number         0  defsig_other.o ABSOLUTE
    ../clib/signal.s                         0x00000000   Number         0  defsig.o ABSOLUTE
    ../clib/stdlib.c                         0x00000000   Number         0  exit.o ABSOLUTE
    ../fplib/daddsub.s                       0x00000000   Number         0  daddsub.o ABSOLUTE
    ../fplib/dfix.s                          0x00000000   Number         0  dfix.o ABSOLUTE
    ../fplib/dflt.s                          0x00000000   Number         0  dflt.o ABSOLUTE
    ../fplib/dmul.s                          0x00000000   Number         0  dmul.o ABSOLUTE
    ../fplib/fpinit.s                        0x00000000   Number         0  fpinit.o ABSOLUTE
    ../fplib/usenofp.s                       0x00000000   Number         0  usenofp.o ABSOLUTE
    dc.s                                     0x00000000   Number         0  dc.o ABSOLUTE
    gpio.c                                   0x00000000   Number         0  gpio.o ABSOLUTE
    main.c                                   0x00000000   Number         0  main.o ABSOLUTE
    motor_passo.c                            0x00000000   Number         0  motor_passo.o ABSOLUTE
    startup.s                                0x00000000   Number         0  startup.o ABSOLUTE
    utils.s                                  0x00000000   Number         0  utils.o ABSOLUTE
    RESET                                    0x00000000   Section      560  startup.o(RESET)
    $v0                                      0x00000208   Number         0  startup.o(RESET)
    !!!main                                  0x00000230   Section        8  __main.o(!!!main)
    !!!scatter                               0x00000238   Section       52  __scatter.o(!!!scatter)
    !!handler_copy                           0x0000026c   Section       26  __scatter_copy.o(!!handler_copy)
    !!handler_zi                             0x00000288   Section       28  __scatter_zi.o(!!handler_zi)
    .ARM.Collect$$libinit$$00000000          0x000002a4   Section        2  libinit.o(.ARM.Collect$$libinit$$00000000)
    .ARM.Collect$$libinit$$00000001          0x000002a6   Section        4  libinit2.o(.ARM.Collect$$libinit$$00000001)
    .ARM.Collect$$libinit$$00000004          0x000002aa   Section        0  libinit2.o(.ARM.Collect$$libinit$$00000004)
    .ARM.Collect$$libinit$$0000000A          0x000002aa   Section        0  libinit2.o(.ARM.Collect$$libinit$$0000000A)
    .ARM.Collect$$libinit$$0000000C          0x000002aa   Section        0  libinit2.o(.ARM.Collect$$libinit$$0000000C)
    .ARM.Collect$$libinit$$0000000E          0x000002aa   Section        0  libinit2.o(.ARM.Collect$$libinit$$0000000E)
    .ARM.Collect$$libinit$$00000011          0x000002aa   Section        0  libinit2.o(.ARM.Collect$$libinit$$00000011)
    .ARM.Collect$$libinit$$00000013          0x000002aa   Section        0  libinit2.o(.ARM.Collect$$libinit$$00000013)
    .ARM.Collect$$libinit$$00000015          0x000002aa   Section        0  libinit2.o(.ARM.Collect$$libinit$$00000015)
    .ARM.Collect$$libinit$$00000017          0x000002aa   Section        0  libinit2.o(.ARM.Collect$$libinit$$00000017)
    .ARM.Collect$$libinit$$00000019          0x000002aa   Section        0  libinit2.o(.ARM.Collect$$libinit$$00000019)
    .ARM.Collect$$libinit$$0000001B          0x000002aa   Section        0  libinit2.o(.ARM.Collect$$libinit$$0000001B)
    .ARM.Collect$$libinit$$0000001D          0x000002aa   Section        0  libinit2.o(.ARM.Collect$$libinit$$0000001D)
    .ARM.Collect$$libinit$$0000001F          0x000002aa   Section        0  libinit2.o(.ARM.Collect$$libinit$$0000001F)
    .ARM.Collect$$libinit$$00000021          0x000002aa   Section        0  libinit2.o(.ARM.Collect$$libinit$$00000021)
    .ARM.Collect$$libinit$$00000023          0x000002aa   Section        0  libinit2.o(.ARM.Collect$$libinit$$00000023)
    .ARM.Collect$$libinit$$00000025          0x000002aa   Section        0  libinit2.o(.ARM.Collect$$libinit$$00000025)
    .ARM.Collect$$libinit$$0000002C          0x000002aa   Section        0  libinit2.o(.ARM.Collect$$libinit$$0000002C)
    .ARM.Collect$$libinit$$0000002E          0x000002aa   Section        0  libinit2.o(.ARM.Collect$$libinit$$0000002E)
    .ARM.Collect$$libinit$$00000030          0x000002aa   Section        0  libinit2.o(.ARM.Collect$$libinit$$00000030)
    .ARM.Collect$$libinit$$00000032          0x000002aa   Section        0  libinit2.o(.ARM.Collect$$libinit$$00000032)
    .ARM.Collect$$libinit$$00000033          0x000002aa   Section        2  libinit2.o(.ARM.Collect$$libinit$$00000033)
    .ARM.Collect$$libshutdown$$00000000      0x000002ac   Section        2  libshutdown.o(.ARM.Collect$$libshutdown$$00000000)
    .ARM.Collect$$libshutdown$$00000002      0x000002ae   Section        0  libshutdown2.o(.ARM.Collect$$libshutdown$$00000002)
    .ARM.Collect$$libshutdown$$00000004      0x000002ae   Section        0  libshutdown2.o(.ARM.Collect$$libshutdown$$00000004)
    .ARM.Collect$$libshutdown$$00000007      0x000002ae   Section        0  libshutdown2.o(.ARM.Collect$$libshutdown$$00000007)
    .ARM.Collect$$libshutdown$$0000000A      0x000002ae   Section        0  libshutdown2.o(.ARM.Collect$$libshutdown$$0000000A)
    .ARM.Collect$$libshutdown$$0000000C      0x000002ae   Section        0  libshutdown2.o(.ARM.Collect$$libshutdown$$0000000C)
    .ARM.Collect$$libshutdown$$0000000F      0x000002ae   Section        0  libshutdown2.o(.ARM.Collect$$libshutdown$$0000000F)
    .ARM.Collect$$libshutdown$$00000010      0x000002ae   Section        2  libshutdown2.o(.ARM.Collect$$libshutdown$$00000010)
    .ARM.Collect$$rtentry$$00000000          0x000002b0   Section        0  __rtentry.o(.ARM.Collect$$rtentry$$00000000)
    .ARM.Collect$$rtentry$$00000002          0x000002b0   Section        0  __rtentry2.o(.ARM.Collect$$rtentry$$00000002)
    .ARM.Collect$$rtentry$$00000004          0x000002b0   Section        6  __rtentry4.o(.ARM.Collect$$rtentry$$00000004)
    .ARM.Collect$$rtentry$$00000009          0x000002b6   Section        0  __rtentry2.o(.ARM.Collect$$rtentry$$00000009)
    .ARM.Collect$$rtentry$$0000000A          0x000002b6   Section        4  __rtentry2.o(.ARM.Collect$$rtentry$$0000000A)
    .ARM.Collect$$rtentry$$0000000C          0x000002ba   Section        0  __rtentry2.o(.ARM.Collect$$rtentry$$0000000C)
    .ARM.Collect$$rtentry$$0000000D          0x000002ba   Section        8  __rtentry2.o(.ARM.Collect$$rtentry$$0000000D)
    .ARM.Collect$$rtexit$$00000000           0x000002c2   Section        2  rtexit.o(.ARM.Collect$$rtexit$$00000000)
    .ARM.Collect$$rtexit$$00000002           0x000002c4   Section        0  rtexit2.o(.ARM.Collect$$rtexit$$00000002)
    .ARM.Collect$$rtexit$$00000003           0x000002c4   Section        4  rtexit2.o(.ARM.Collect$$rtexit$$00000003)
    .ARM.Collect$$rtexit$$00000004           0x000002c8   Section        6  rtexit2.o(.ARM.Collect$$rtexit$$00000004)
    $v0                                      0x000002d0   Number         0  startup.o(.text)
    .text                                    0x000002d0   Section       48  startup.o(.text)
    $v0                                      0x00000300   Number         0  utils.o(.text)
    .text                                    0x00000300   Section      484  utils.o(.text)
    .text                                    0x000004e4   Section        0  heapauxi.o(.text)
    .text                                    0x000004ea   Section       74  sys_stackheap_outer.o(.text)
    .text                                    0x00000534   Section        0  exit.o(.text)
    .text                                    0x00000548   Section        8  libspace.o(.text)
    .text                                    0x00000550   Section        0  sys_exit.o(.text)
    .text                                    0x0000055c   Section        2  use_no_semi.o(.text)
    .text                                    0x0000055e   Section        0  indicate_semi.o(.text)
    [Anonymous Symbol]                       0x00000560   Section        0  gpio.o(.text.GPIOPortJ_Handler)
    [Anonymous Symbol]                       0x00000598   Section        0  gpio.o(.text.GPIO_Init)
    [Anonymous Symbol]                       0x00000700   Section        0  motor_passo.o(.text.Motor_AHO_MP)
    [Anonymous Symbol]                       0x00000810   Section        0  motor_passo.o(.text.Motor_AHO_PC)
    [Anonymous Symbol]                       0x00000920   Section        0  motor_passo.o(.text.Motor_HOR_MP)
    [Anonymous Symbol]                       0x00000a30   Section        0  motor_passo.o(.text.Motor_HOR_PC)
    [Anonymous Symbol]                       0x00000b40   Section        0  main.o(.text.Pisca_Transistor)
    [Anonymous Symbol]                       0x00000b54   Section        0  gpio.o(.text.PortP_Output)
    [Anonymous Symbol]                       0x00000b60   Section        0  gpio.o(.text.TIMER_Init)
    [Anonymous Symbol]                       0x00000bb8   Section        0  gpio.o(.text.Timer2A_Handler)
    [Anonymous Symbol]                       0x00000bd8   Section        0  main.o(.text.atualizar_terminal)
    [Anonymous Symbol]                       0x00000dac   Section        0  main.o(.text.fim)
    [Anonymous Symbol]                       0x00000df4   Section        0  gpio.o(.text.invertePino0)
    [Anonymous Symbol]                       0x00000f44   Section        0  main.o(.text.main)
    [Anonymous Symbol]                       0x00001088   Section        0  main.o(.text.pedir_sentido)
    [Anonymous Symbol]                       0x00001180   Section        0  main.o(.text.pedir_velocidade)
    [Anonymous Symbol]                       0x00001278   Section        0  main.o(.text.pedir_voltas)
    $v0                                      0x00001400   Number         0  dfix.o(x$fpl$dfix)
    x$fpl$dfix                               0x00001400   Section       14  dfix.o(x$fpl$dfix)
    $v0                                      0x0000140e   Number         0  dflt.o(x$fpl$dflt)
    x$fpl$dflt                               0x0000140e   Section       14  dflt.o(x$fpl$dflt)
    $v0                                      0x0000141c   Number         0  dmul.o(x$fpl$dmul)
    x$fpl$dmul                               0x0000141c   Section       18  dmul.o(x$fpl$dmul)
    $v0                                      0x0000142e   Number         0  daddsub.o(x$fpl$dsub)
    x$fpl$dsub                               0x0000142e   Section       18  daddsub.o(x$fpl$dsub)
    $v0                                      0x00001440   Number         0  fpinit.o(x$fpl$fpinit)
    x$fpl$fpinit                             0x00001440   Section       26  fpinit.o(x$fpl$fpinit)
    .L__const.pedir_velocidade.ve            0x0000145a   Data          11  main.o(.rodata..L__const.pedir_velocidade.ve)
    x$fpl$usenofp                            0x0000145a   Section        0  usenofp.o(x$fpl$usenofp)
    .L__const.pedir_voltas.v                 0x00001465   Data           7  main.o(.rodata..L__const.pedir_voltas.v)
    .L__const.pedir_sentido.s                0x0000146c   Data           8  main.o(.rodata.cst8)
    .bss                                     0x20000018   Section       96  libspace.o(.bss)
    HeapMem                                  0x20000088   Data           0  startup.o(HEAP)
    StackMem                                 0x20000088   Data           0  startup.o(STACK)
    HEAP                                     0x20000088   Section        0  startup.o(HEAP)
    STACK                                    0x20000088   Section     1024  startup.o(STACK)

    Global Symbols

    Symbol Name                              Value     Ov Type        Size  Object(Section)

    BuildAttributes$$THM_ISAv4$E$P$D$K$B$S$7EM$VFPv3_D16$VFMA$PE$FZ_POSZERO$A:L22UL41UL21$X:L11$S22US41US21$IEEE1$IW$USESV6$~STKCKD$USESV7$~SHL$OTIME$ROPI$EBA8$UX$STANDARDLIB$REQ8$PRES8$EABIv2 0x00000000   Number         0  anon$$obj.o ABSOLUTE
    __Vectors                                0x00000000   Data           0  startup.o(RESET)
    __ARM_exceptions_init                     - Undefined Weak Reference
    __alloca_initialize                       - Undefined Weak Reference
    __arm_preinit_                            - Undefined Weak Reference
    __cpp_initialize__aeabi_                  - Undefined Weak Reference
    __cxa_finalize                            - Undefined Weak Reference
    __rt_locale                               - Undefined Weak Reference
    __sigvec_lookup                           - Undefined Weak Reference
    _atexit_init                              - Undefined Weak Reference
    _call_atexit_fns                          - Undefined Weak Reference
    _clock_init                               - Undefined Weak Reference
    _fp_trap_init                             - Undefined Weak Reference
    _fp_trap_shutdown                         - Undefined Weak Reference
    _get_lc_collate                           - Undefined Weak Reference
    _get_lc_ctype                             - Undefined Weak Reference
    _get_lc_monetary                          - Undefined Weak Reference
    _get_lc_numeric                           - Undefined Weak Reference
    _get_lc_time                              - Undefined Weak Reference
    _getenv_init                              - Undefined Weak Reference
    _handle_redirection                       - Undefined Weak Reference
    _init_alloc                               - Undefined Weak Reference
    _init_user_alloc                          - Undefined Weak Reference
    _initio                                   - Undefined Weak Reference
    _rand_init                                - Undefined Weak Reference
    _signal_finish                            - Undefined Weak Reference
    _signal_init                              - Undefined Weak Reference
    _terminate_alloc                          - Undefined Weak Reference
    _terminate_user_alloc                     - Undefined Weak Reference
    _terminateio                              - Undefined Weak Reference
    Reset_Handler                            0x00000209   Thumb Code     0  startup.o(RESET)
    NMI_Handler                              0x0000021d   Thumb Code     2  startup.o(RESET)
    HardFault_Handler                        0x0000021f   Thumb Code     2  startup.o(RESET)
    MemManage_Handler                        0x00000221   Thumb Code     2  startup.o(RESET)
    BusFault_Handler                         0x00000223   Thumb Code     2  startup.o(RESET)
    UsageFault_Handler                       0x00000225   Thumb Code     2  startup.o(RESET)
    SVC_Handler                              0x00000227   Thumb Code     2  startup.o(RESET)
    DebugMon_Handler                         0x00000229   Thumb Code     2  startup.o(RESET)
    PendSV_Handler                           0x0000022b   Thumb Code     2  startup.o(RESET)
    SysTick_Handler                          0x0000022d   Thumb Code     2  startup.o(RESET)
    ADC0Seq0_Handler                         0x0000022f   Thumb Code     0  startup.o(RESET)
    ADC0Seq1_Handler                         0x0000022f   Thumb Code     0  startup.o(RESET)
    ADC0Seq2_Handler                         0x0000022f   Thumb Code     0  startup.o(RESET)
    ADC0Seq3_Handler                         0x0000022f   Thumb Code     0  startup.o(RESET)
    ADC1Seq0_Handler                         0x0000022f   Thumb Code     0  startup.o(RESET)
    ADC1Seq1_Handler                         0x0000022f   Thumb Code     0  startup.o(RESET)
    ADC1Seq2_Handler                         0x0000022f   Thumb Code     0  startup.o(RESET)
    ADC1Seq3_Handler                         0x0000022f   Thumb Code     0  startup.o(RESET)
    CAN0_Handler                             0x0000022f   Thumb Code     0  startup.o(RESET)
    CAN1_Handler                             0x0000022f   Thumb Code     0  startup.o(RESET)
    Comp0_Handler                            0x0000022f   Thumb Code     0  startup.o(RESET)
    Comp1_Handler                            0x0000022f   Thumb Code     0  startup.o(RESET)
    Comp2_Handler                            0x0000022f   Thumb Code     0  startup.o(RESET)
    Ethernet_Handler                         0x0000022f   Thumb Code     0  startup.o(RESET)
    ExtBus_Handler                           0x0000022f   Thumb Code     0  startup.o(RESET)
    FPU_Handler                              0x0000022f   Thumb Code     0  startup.o(RESET)
    FlashCtl_Handler                         0x0000022f   Thumb Code     0  startup.o(RESET)
    GPIOPortA_Handler                        0x0000022f   Thumb Code     0  startup.o(RESET)
    GPIOPortB_Handler                        0x0000022f   Thumb Code     0  startup.o(RESET)
    GPIOPortC_Handler                        0x0000022f   Thumb Code     0  startup.o(RESET)
    GPIOPortD_Handler                        0x0000022f   Thumb Code     0  startup.o(RESET)
    GPIOPortE_Handler                        0x0000022f   Thumb Code     0  startup.o(RESET)
    GPIOPortF_Handler                        0x0000022f   Thumb Code     0  startup.o(RESET)
    GPIOPortG_Handler                        0x0000022f   Thumb Code     0  startup.o(RESET)
    GPIOPortH_Handler                        0x0000022f   Thumb Code     0  startup.o(RESET)
    GPIOPortK_Handler                        0x0000022f   Thumb Code     0  startup.o(RESET)
    GPIOPortL_Handler                        0x0000022f   Thumb Code     0  startup.o(RESET)
    GPIOPortM_Handler                        0x0000022f   Thumb Code     0  startup.o(RESET)
    GPIOPortN_Handler                        0x0000022f   Thumb Code     0  startup.o(RESET)
    GPIOPortP1_Handler                       0x0000022f   Thumb Code     0  startup.o(RESET)
    GPIOPortP2_Handler                       0x0000022f   Thumb Code     0  startup.o(RESET)
    GPIOPortP3_Handler                       0x0000022f   Thumb Code     0  startup.o(RESET)
    GPIOPortP4_Handler                       0x0000022f   Thumb Code     0  startup.o(RESET)
    GPIOPortP5_Handler                       0x0000022f   Thumb Code     0  startup.o(RESET)
    GPIOPortP6_Handler                       0x0000022f   Thumb Code     0  startup.o(RESET)
    GPIOPortP7_Handler                       0x0000022f   Thumb Code     0  startup.o(RESET)
    GPIOPortP_Handler                        0x0000022f   Thumb Code     0  startup.o(RESET)
    GPIOPortQ1_Handler                       0x0000022f   Thumb Code     0  startup.o(RESET)
    GPIOPortQ2_Handler                       0x0000022f   Thumb Code     0  startup.o(RESET)
    GPIOPortQ3_Handler                       0x0000022f   Thumb Code     0  startup.o(RESET)
    GPIOPortQ4_Handler                       0x0000022f   Thumb Code     0  startup.o(RESET)
    GPIOPortQ5_Handler                       0x0000022f   Thumb Code     0  startup.o(RESET)
    GPIOPortQ6_Handler                       0x0000022f   Thumb Code     0  startup.o(RESET)
    GPIOPortQ7_Handler                       0x0000022f   Thumb Code     0  startup.o(RESET)
    GPIOPortQ_Handler                        0x0000022f   Thumb Code     0  startup.o(RESET)
    Hibernate_Handler                        0x0000022f   Thumb Code     0  startup.o(RESET)
    I2C0_Handler                             0x0000022f   Thumb Code     0  startup.o(RESET)
    I2C1_Handler                             0x0000022f   Thumb Code     0  startup.o(RESET)
    I2C2_Handler                             0x0000022f   Thumb Code     0  startup.o(RESET)
    I2C3_Handler                             0x0000022f   Thumb Code     0  startup.o(RESET)
    I2C4_Handler                             0x0000022f   Thumb Code     0  startup.o(RESET)
    I2C5_Handler                             0x0000022f   Thumb Code     0  startup.o(RESET)
    I2C6_Handler                             0x0000022f   Thumb Code     0  startup.o(RESET)
    I2C7_Handler                             0x0000022f   Thumb Code     0  startup.o(RESET)
    I2C8_Handler                             0x0000022f   Thumb Code     0  startup.o(RESET)
    I2C9_Handler                             0x0000022f   Thumb Code     0  startup.o(RESET)
    PWM0Fault_Handler                        0x0000022f   Thumb Code     0  startup.o(RESET)
    PWM0Generator0_Handler                   0x0000022f   Thumb Code     0  startup.o(RESET)
    PWM0Generator1_Handler                   0x0000022f   Thumb Code     0  startup.o(RESET)
    PWM0Generator2_Handler                   0x0000022f   Thumb Code     0  startup.o(RESET)
    PWM0Generator3_Handler                   0x0000022f   Thumb Code     0  startup.o(RESET)
    Quadrature0_Handler                      0x0000022f   Thumb Code     0  startup.o(RESET)
    SSI0_Handler                             0x0000022f   Thumb Code     0  startup.o(RESET)
    SSI1_Handler                             0x0000022f   Thumb Code     0  startup.o(RESET)
    SSI2_Handler                             0x0000022f   Thumb Code     0  startup.o(RESET)
    SSI3_Handler                             0x0000022f   Thumb Code     0  startup.o(RESET)
    SysCtl_Handler                           0x0000022f   Thumb Code     0  startup.o(RESET)
    Tamper_Handler                           0x0000022f   Thumb Code     0  startup.o(RESET)
    Timer0A_Handler                          0x0000022f   Thumb Code     0  startup.o(RESET)
    Timer0B_Handler                          0x0000022f   Thumb Code     0  startup.o(RESET)
    Timer1A_Handler                          0x0000022f   Thumb Code     0  startup.o(RESET)
    Timer1B_Handler                          0x0000022f   Thumb Code     0  startup.o(RESET)
    Timer2B_Handler                          0x0000022f   Thumb Code     0  startup.o(RESET)
    Timer3A_Handler                          0x0000022f   Thumb Code     0  startup.o(RESET)
    Timer3B_Handler                          0x0000022f   Thumb Code     0  startup.o(RESET)
    Timer4A_Handler                          0x0000022f   Thumb Code     0  startup.o(RESET)
    Timer4B_Handler                          0x0000022f   Thumb Code     0  startup.o(RESET)
    Timer5A_Handler                          0x0000022f   Thumb Code     0  startup.o(RESET)
    Timer5B_Handler                          0x0000022f   Thumb Code     0  startup.o(RESET)
    Timer6A_Handler                          0x0000022f   Thumb Code     0  startup.o(RESET)
    Timer6B_Handler                          0x0000022f   Thumb Code     0  startup.o(RESET)
    Timer7A_Handler                          0x0000022f   Thumb Code     0  startup.o(RESET)
    Timer7B_Handler                          0x0000022f   Thumb Code     0  startup.o(RESET)
    UART0_Handler                            0x0000022f   Thumb Code     0  startup.o(RESET)
    UART1_Handler                            0x0000022f   Thumb Code     0  startup.o(RESET)
    UART2_Handler                            0x0000022f   Thumb Code     0  startup.o(RESET)
    UART3_Handler                            0x0000022f   Thumb Code     0  startup.o(RESET)
    UART4_Handler                            0x0000022f   Thumb Code     0  startup.o(RESET)
    UART5_Handler                            0x0000022f   Thumb Code     0  startup.o(RESET)
    UART6_Handler                            0x0000022f   Thumb Code     0  startup.o(RESET)
    UART7_Handler                            0x0000022f   Thumb Code     0  startup.o(RESET)
    USB0_Handler                             0x0000022f   Thumb Code     0  startup.o(RESET)
    WDT_Handler                              0x0000022f   Thumb Code     0  startup.o(RESET)
    uDMA_Error                               0x0000022f   Thumb Code     0  startup.o(RESET)
    uDMA_Handler                             0x0000022f   Thumb Code     0  startup.o(RESET)
    __main                                   0x00000231   Thumb Code     8  __main.o(!!!main)
    __scatterload                            0x00000239   Thumb Code     0  __scatter.o(!!!scatter)
    __scatterload_rt2                        0x00000239   Thumb Code    44  __scatter.o(!!!scatter)
    __scatterload_rt2_thumb_only             0x00000239   Thumb Code     0  __scatter.o(!!!scatter)
    __scatterload_null                       0x00000247   Thumb Code     0  __scatter.o(!!!scatter)
    __scatterload_copy                       0x0000026d   Thumb Code    26  __scatter_copy.o(!!handler_copy)
    __scatterload_zeroinit                   0x00000289   Thumb Code    28  __scatter_zi.o(!!handler_zi)
    __rt_lib_init                            0x000002a5   Thumb Code     0  libinit.o(.ARM.Collect$$libinit$$00000000)
    __rt_lib_init_fp_1                       0x000002a7   Thumb Code     0  libinit2.o(.ARM.Collect$$libinit$$00000001)
    __rt_lib_init_alloca_1                   0x000002ab   Thumb Code     0  libinit2.o(.ARM.Collect$$libinit$$0000002E)
    __rt_lib_init_argv_1                     0x000002ab   Thumb Code     0  libinit2.o(.ARM.Collect$$libinit$$0000002C)
    __rt_lib_init_atexit_1                   0x000002ab   Thumb Code     0  libinit2.o(.ARM.Collect$$libinit$$0000001B)
    __rt_lib_init_clock_1                    0x000002ab   Thumb Code     0  libinit2.o(.ARM.Collect$$libinit$$00000021)
    __rt_lib_init_cpp_1                      0x000002ab   Thumb Code     0  libinit2.o(.ARM.Collect$$libinit$$00000032)
    __rt_lib_init_exceptions_1               0x000002ab   Thumb Code     0  libinit2.o(.ARM.Collect$$libinit$$00000030)
    __rt_lib_init_fp_trap_1                  0x000002ab   Thumb Code     0  libinit2.o(.ARM.Collect$$libinit$$0000001F)
    __rt_lib_init_getenv_1                   0x000002ab   Thumb Code     0  libinit2.o(.ARM.Collect$$libinit$$00000023)
    __rt_lib_init_heap_1                     0x000002ab   Thumb Code     0  libinit2.o(.ARM.Collect$$libinit$$0000000A)
    __rt_lib_init_lc_collate_1               0x000002ab   Thumb Code     0  libinit2.o(.ARM.Collect$$libinit$$00000011)
    __rt_lib_init_lc_ctype_1                 0x000002ab   Thumb Code     0  libinit2.o(.ARM.Collect$$libinit$$00000013)
    __rt_lib_init_lc_monetary_1              0x000002ab   Thumb Code     0  libinit2.o(.ARM.Collect$$libinit$$00000015)
    __rt_lib_init_lc_numeric_1               0x000002ab   Thumb Code     0  libinit2.o(.ARM.Collect$$libinit$$00000017)
    __rt_lib_init_lc_time_1                  0x000002ab   Thumb Code     0  libinit2.o(.ARM.Collect$$libinit$$00000019)
    __rt_lib_init_preinit_1                  0x000002ab   Thumb Code     0  libinit2.o(.ARM.Collect$$libinit$$00000004)
    __rt_lib_init_rand_1                     0x000002ab   Thumb Code     0  libinit2.o(.ARM.Collect$$libinit$$0000000E)
    __rt_lib_init_return                     0x000002ab   Thumb Code     0  libinit2.o(.ARM.Collect$$libinit$$00000033)
    __rt_lib_init_signal_1                   0x000002ab   Thumb Code     0  libinit2.o(.ARM.Collect$$libinit$$0000001D)
    __rt_lib_init_stdio_1                    0x000002ab   Thumb Code     0  libinit2.o(.ARM.Collect$$libinit$$00000025)
    __rt_lib_init_user_alloc_1               0x000002ab   Thumb Code     0  libinit2.o(.ARM.Collect$$libinit$$0000000C)
    __rt_lib_shutdown                        0x000002ad   Thumb Code     0  libshutdown.o(.ARM.Collect$$libshutdown$$00000000)
    __rt_lib_shutdown_cpp_1                  0x000002af   Thumb Code     0  libshutdown2.o(.ARM.Collect$$libshutdown$$00000002)
    __rt_lib_shutdown_fp_trap_1              0x000002af   Thumb Code     0  libshutdown2.o(.ARM.Collect$$libshutdown$$00000007)
    __rt_lib_shutdown_heap_1                 0x000002af   Thumb Code     0  libshutdown2.o(.ARM.Collect$$libshutdown$$0000000F)
    __rt_lib_shutdown_return                 0x000002af   Thumb Code     0  libshutdown2.o(.ARM.Collect$$libshutdown$$00000010)
    __rt_lib_shutdown_signal_1               0x000002af   Thumb Code     0  libshutdown2.o(.ARM.Collect$$libshutdown$$0000000A)
    __rt_lib_shutdown_stdio_1                0x000002af   Thumb Code     0  libshutdown2.o(.ARM.Collect$$libshutdown$$00000004)
    __rt_lib_shutdown_user_alloc_1           0x000002af   Thumb Code     0  libshutdown2.o(.ARM.Collect$$libshutdown$$0000000C)
    __rt_entry                               0x000002b1   Thumb Code     0  __rtentry.o(.ARM.Collect$$rtentry$$00000000)
    __rt_entry_presh_1                       0x000002b1   Thumb Code     0  __rtentry2.o(.ARM.Collect$$rtentry$$00000002)
    __rt_entry_sh                            0x000002b1   Thumb Code     0  __rtentry4.o(.ARM.Collect$$rtentry$$00000004)
    __rt_entry_li                            0x000002b7   Thumb Code     0  __rtentry2.o(.ARM.Collect$$rtentry$$0000000A)
    __rt_entry_postsh_1                      0x000002b7   Thumb Code     0  __rtentry2.o(.ARM.Collect$$rtentry$$00000009)
    __rt_entry_main                          0x000002bb   Thumb Code     0  __rtentry2.o(.ARM.Collect$$rtentry$$0000000D)
    __rt_entry_postli_1                      0x000002bb   Thumb Code     0  __rtentry2.o(.ARM.Collect$$rtentry$$0000000C)
    __rt_exit                                0x000002c3   Thumb Code     0  rtexit.o(.ARM.Collect$$rtexit$$00000000)
    __rt_exit_ls                             0x000002c5   Thumb Code     0  rtexit2.o(.ARM.Collect$$rtexit$$00000003)
    __rt_exit_prels_1                        0x000002c5   Thumb Code     0  rtexit2.o(.ARM.Collect$$rtexit$$00000002)
    __rt_exit_exit                           0x000002c9   Thumb Code     0  rtexit2.o(.ARM.Collect$$rtexit$$00000004)
    DisableInterrupts                        0x000002d1   Thumb Code     0  startup.o(.text)
    EnableInterrupts                         0x000002d5   Thumb Code     0  startup.o(.text)
    StartCritical                            0x000002d9   Thumb Code     0  startup.o(.text)
    EndCritical                              0x000002e1   Thumb Code     0  startup.o(.text)
    WaitForInterrupt                         0x000002e7   Thumb Code     0  startup.o(.text)
    __user_initial_stackheap                 0x000002eb   Thumb Code     0  startup.o(.text)
    PLL_Init                                 0x00000301   Thumb Code     0  utils.o(.text)
    SysTick_Init                             0x00000429   Thumb Code     0  utils.o(.text)
    SysTick_Wait1ms                          0x00000463   Thumb Code     0  utils.o(.text)
    __use_two_region_memory                  0x000004e5   Thumb Code     2  heapauxi.o(.text)
    __rt_heap_escrow$2region                 0x000004e7   Thumb Code     2  heapauxi.o(.text)
    __rt_heap_expand$2region                 0x000004e9   Thumb Code     2  heapauxi.o(.text)
    __user_setup_stackheap                   0x000004eb   Thumb Code    74  sys_stackheap_outer.o(.text)
    exit                                     0x00000535   Thumb Code    18  exit.o(.text)
    __user_libspace                          0x00000549   Thumb Code     8  libspace.o(.text)
    __user_perproc_libspace                  0x00000549   Thumb Code     0  libspace.o(.text)
    __user_perthread_libspace                0x00000549   Thumb Code     0  libspace.o(.text)
    _sys_exit                                0x00000551   Thumb Code     8  sys_exit.o(.text)
    __I$use$semihosting                      0x0000055d   Thumb Code     0  use_no_semi.o(.text)
    __use_no_semihosting_swi                 0x0000055d   Thumb Code     2  use_no_semi.o(.text)
    __semihosting_library_function           0x0000055f   Thumb Code     0  indicate_semi.o(.text)
    GPIOPortJ_Handler                        0x00000561   Thumb Code    56  gpio.o(.text.GPIOPortJ_Handler)
    GPIO_Init                                0x00000599   Thumb Code   360  gpio.o(.text.GPIO_Init)
    Motor_AHO_MP                             0x00000701   Thumb Code   264  motor_passo.o(.text.Motor_AHO_MP)
    Motor_AHO_PC                             0x00000811   Thumb Code   264  motor_passo.o(.text.Motor_AHO_PC)
    Motor_HOR_MP                             0x00000921   Thumb Code   264  motor_passo.o(.text.Motor_HOR_MP)
    Motor_HOR_PC                             0x00000a31   Thumb Code   264  motor_passo.o(.text.Motor_HOR_PC)
    Pisca_Transistor                         0x00000b41   Thumb Code    18  main.o(.text.Pisca_Transistor)
    PortP_Output                             0x00000b55   Thumb Code    12  gpio.o(.text.PortP_Output)
    TIMER_Init                               0x00000b61   Thumb Code    86  gpio.o(.text.TIMER_Init)
    Timer2A_Handler                          0x00000bb9   Thumb Code    32  gpio.o(.text.Timer2A_Handler)
    atualizar_terminal                       0x00000bd9   Thumb Code   388  main.o(.text.atualizar_terminal)
    fim                                      0x00000dad   Thumb Code    64  main.o(.text.fim)
    invertePino0                             0x00000df5   Thumb Code   336  gpio.o(.text.invertePino0)
    main                                     0x00000f45   Thumb Code   324  main.o(.text.main)
    pedir_sentido                            0x00001089   Thumb Code   246  main.o(.text.pedir_sentido)
    pedir_velocidade                         0x00001181   Thumb Code   246  main.o(.text.pedir_velocidade)
    pedir_voltas                             0x00001279   Thumb Code   392  main.o(.text.pedir_voltas)
    __aeabi_d2iz                             0x00001401   Thumb Code     0  dfix.o(x$fpl$dfix)
    _dfix                                    0x00001401   Thumb Code    14  dfix.o(x$fpl$dfix)
    __aeabi_i2d                              0x0000140f   Thumb Code     0  dflt.o(x$fpl$dflt)
    _dflt                                    0x0000140f   Thumb Code    14  dflt.o(x$fpl$dflt)
    __aeabi_dmul                             0x0000141d   Thumb Code     0  dmul.o(x$fpl$dmul)
    _dmul                                    0x0000141d   Thumb Code    18  dmul.o(x$fpl$dmul)
    __aeabi_dsub                             0x0000142f   Thumb Code     0  daddsub.o(x$fpl$dsub)
    _dsub                                    0x0000142f   Thumb Code    18  daddsub.o(x$fpl$dsub)
    _fp_init                                 0x00001441   Thumb Code    26  fpinit.o(x$fpl$fpinit)
    __fplib_config_fpu_vfp                   0x00001459   Thumb Code     0  fpinit.o(x$fpl$fpinit)
    __fplib_config_pureend_doubles           0x00001459   Thumb Code     0  fpinit.o(x$fpl$fpinit)
    __I$use$fp                               0x0000145a   Number         0  usenofp.o(x$fpl$usenofp)
    Region$$Table$$Base                      0x00001474   Number         0  anon$$obj.o(Region$$Table)
    Region$$Table$$Limit                     0x00001494   Number         0  anon$$obj.o(Region$$Table)
    AHO_MP                                   0x20000000   Data           8  motor_passo.o(.data.AHO_MP)
    AHO_PC                                   0x20000008   Data           4  motor_passo.o(.data.AHO_PC)
    HOR_MP                                   0x2000000c   Data           8  motor_passo.o(.data.HOR_MP)
    HOR_PC                                   0x20000014   Data           4  motor_passo.o(.data.HOR_PC)
    __libspace_start                         0x20000018   Data          96  libspace.o(.bss)
    __temporary_stack_top$libspace           0x20000078   Data           0  libspace.o(.bss)
    angulo                                   0x20000078   Data           2  motor_passo.o(.bss.angulo)
    interrupcao                              0x2000007a   Data           1  main.o(.bss.interrupcao)
    rxdata                                   0x2000007b   Data           1  main.o(.bss.rxdata)
    rxfe                                     0x2000007c   Data           4  main.o(.bss.rxfe)
    sentido                                  0x20000080   Data           2  motor_passo.o(.bss.sentido)
    timer                                    0x20000082   Data           1  main.o(.bss.timer)
    txff                                     0x20000084   Data           4  main.o(.bss.txff)



==============================================================================

Memory Map of the image

  Image Entry point : 0x00000209

  Load Region LR_1 (Base: 0x00000000, Size: 0x000014ac, Max: 0xffffffff, ABSOLUTE)

    Execution Region ER_RO (Exec base: 0x00000000, Load base: 0x00000000, Size: 0x00001494, Max: 0xffffffff, ABSOLUTE)

    Exec Addr    Load Addr    Size         Type   Attr      Idx    E Section Name        Object

    0x00000000   0x00000000   0x00000230   Code   RO            3  * RESET               startup.o
    0x00000230   0x00000230   0x00000008   Code   RO          110  * !!!main             c_w.l(__main.o)
    0x00000238   0x00000238   0x00000034   Code   RO          290    !!!scatter          c_w.l(__scatter.o)
    0x0000026c   0x0000026c   0x0000001a   Code   RO          292    !!handler_copy      c_w.l(__scatter_copy.o)
    0x00000286   0x00000286   0x00000002   PAD
    0x00000288   0x00000288   0x0000001c   Code   RO          294    !!handler_zi        c_w.l(__scatter_zi.o)
    0x000002a4   0x000002a4   0x00000002   Code   RO          154    .ARM.Collect$$libinit$$00000000  c_w.l(libinit.o)
    0x000002a6   0x000002a6   0x00000004   Code   RO          160    .ARM.Collect$$libinit$$00000001  c_w.l(libinit2.o)
    0x000002aa   0x000002aa   0x00000000   Code   RO          163    .ARM.Collect$$libinit$$00000004  c_w.l(libinit2.o)
    0x000002aa   0x000002aa   0x00000000   Code   RO          166    .ARM.Collect$$libinit$$0000000A  c_w.l(libinit2.o)
    0x000002aa   0x000002aa   0x00000000   Code   RO          168    .ARM.Collect$$libinit$$0000000C  c_w.l(libinit2.o)
    0x000002aa   0x000002aa   0x00000000   Code   RO          170    .ARM.Collect$$libinit$$0000000E  c_w.l(libinit2.o)
    0x000002aa   0x000002aa   0x00000000   Code   RO          173    .ARM.Collect$$libinit$$00000011  c_w.l(libinit2.o)
    0x000002aa   0x000002aa   0x00000000   Code   RO          175    .ARM.Collect$$libinit$$00000013  c_w.l(libinit2.o)
    0x000002aa   0x000002aa   0x00000000   Code   RO          177    .ARM.Collect$$libinit$$00000015  c_w.l(libinit2.o)
    0x000002aa   0x000002aa   0x00000000   Code   RO          179    .ARM.Collect$$libinit$$00000017  c_w.l(libinit2.o)
    0x000002aa   0x000002aa   0x00000000   Code   RO          181    .ARM.Collect$$libinit$$00000019  c_w.l(libinit2.o)
    0x000002aa   0x000002aa   0x00000000   Code   RO          183    .ARM.Collect$$libinit$$0000001B  c_w.l(libinit2.o)
    0x000002aa   0x000002aa   0x00000000   Code   RO          185    .ARM.Collect$$libinit$$0000001D  c_w.l(libinit2.o)
    0x000002aa   0x000002aa   0x00000000   Code   RO          187    .ARM.Collect$$libinit$$0000001F  c_w.l(libinit2.o)
    0x000002aa   0x000002aa   0x00000000   Code   RO          189    .ARM.Collect$$libinit$$00000021  c_w.l(libinit2.o)
    0x000002aa   0x000002aa   0x00000000   Code   RO          191    .ARM.Collect$$libinit$$00000023  c_w.l(libinit2.o)
    0x000002aa   0x000002aa   0x00000000   Code   RO          193    .ARM.Collect$$libinit$$00000025  c_w.l(libinit2.o)
    0x000002aa   0x000002aa   0x00000000   Code   RO          197    .ARM.Collect$$libinit$$0000002C  c_w.l(libinit2.o)
    0x000002aa   0x000002aa   0x00000000   Code   RO          199    .ARM.Collect$$libinit$$0000002E  c_w.l(libinit2.o)
    0x000002aa   0x000002aa   0x00000000   Code   RO          201    .ARM.Collect$$libinit$$00000030  c_w.l(libinit2.o)
    0x000002aa   0x000002aa   0x00000000   Code   RO          203    .ARM.Collect$$libinit$$00000032  c_w.l(libinit2.o)
    0x000002aa   0x000002aa   0x00000002   Code   RO          204    .ARM.Collect$$libinit$$00000033  c_w.l(libinit2.o)
    0x000002ac   0x000002ac   0x00000002   Code   RO          226    .ARM.Collect$$libshutdown$$00000000  c_w.l(libshutdown.o)
    0x000002ae   0x000002ae   0x00000000   Code   RO          241    .ARM.Collect$$libshutdown$$00000002  c_w.l(libshutdown2.o)
    0x000002ae   0x000002ae   0x00000000   Code   RO          243    .ARM.Collect$$libshutdown$$00000004  c_w.l(libshutdown2.o)
    0x000002ae   0x000002ae   0x00000000   Code   RO          246    .ARM.Collect$$libshutdown$$00000007  c_w.l(libshutdown2.o)
    0x000002ae   0x000002ae   0x00000000   Code   RO          249    .ARM.Collect$$libshutdown$$0000000A  c_w.l(libshutdown2.o)
    0x000002ae   0x000002ae   0x00000000   Code   RO          251    .ARM.Collect$$libshutdown$$0000000C  c_w.l(libshutdown2.o)
    0x000002ae   0x000002ae   0x00000000   Code   RO          254    .ARM.Collect$$libshutdown$$0000000F  c_w.l(libshutdown2.o)
    0x000002ae   0x000002ae   0x00000002   Code   RO          255    .ARM.Collect$$libshutdown$$00000010  c_w.l(libshutdown2.o)
    0x000002b0   0x000002b0   0x00000000   Code   RO          128    .ARM.Collect$$rtentry$$00000000  c_w.l(__rtentry.o)
    0x000002b0   0x000002b0   0x00000000   Code   RO          131    .ARM.Collect$$rtentry$$00000002  c_w.l(__rtentry2.o)
    0x000002b0   0x000002b0   0x00000006   Code   RO          143    .ARM.Collect$$rtentry$$00000004  c_w.l(__rtentry4.o)
    0x000002b6   0x000002b6   0x00000000   Code   RO          133    .ARM.Collect$$rtentry$$00000009  c_w.l(__rtentry2.o)
    0x000002b6   0x000002b6   0x00000004   Code   RO          134    .ARM.Collect$$rtentry$$0000000A  c_w.l(__rtentry2.o)
    0x000002ba   0x000002ba   0x00000000   Code   RO          136    .ARM.Collect$$rtentry$$0000000C  c_w.l(__rtentry2.o)
    0x000002ba   0x000002ba   0x00000008   Code   RO          137    .ARM.Collect$$rtentry$$0000000D  c_w.l(__rtentry2.o)
    0x000002c2   0x000002c2   0x00000002   Code   RO          158    .ARM.Collect$$rtexit$$00000000  c_w.l(rtexit.o)
    0x000002c4   0x000002c4   0x00000000   Code   RO          206    .ARM.Collect$$rtexit$$00000002  c_w.l(rtexit2.o)
    0x000002c4   0x000002c4   0x00000004   Code   RO          207    .ARM.Collect$$rtexit$$00000003  c_w.l(rtexit2.o)
    0x000002c8   0x000002c8   0x00000006   Code   RO          208    .ARM.Collect$$rtexit$$00000004  c_w.l(rtexit2.o)
    0x000002ce   0x000002ce   0x00000002   PAD
    0x000002d0   0x000002d0   0x00000030   Code   RO            4    .text               startup.o
    0x00000300   0x00000300   0x000001e4   Code   RO           34    .text               utils.o
    0x000004e4   0x000004e4   0x00000006   Code   RO          108    .text               c_w.l(heapauxi.o)
    0x000004ea   0x000004ea   0x0000004a   Code   RO          145    .text               c_w.l(sys_stackheap_outer.o)
    0x00000534   0x00000534   0x00000012   Code   RO          147    .text               c_w.l(exit.o)
    0x00000546   0x00000546   0x00000002   PAD
    0x00000548   0x00000548   0x00000008   Code   RO          155    .text               c_w.l(libspace.o)
    0x00000550   0x00000550   0x0000000c   Code   RO          216    .text               c_w.l(sys_exit.o)
    0x0000055c   0x0000055c   0x00000002   Code   RO          231    .text               c_w.l(use_no_semi.o)
    0x0000055e   0x0000055e   0x00000000   Code   RO          233    .text               c_w.l(indicate_semi.o)
    0x0000055e   0x0000055e   0x00000002   PAD
    0x00000560   0x00000560   0x00000038   Code   RO           87    .text.GPIOPortJ_Handler  gpio.o
    0x00000598   0x00000598   0x00000168   Code   RO           81    .text.GPIO_Init     gpio.o
    0x00000700   0x00000700   0x00000110   Code   RO           19    .text.Motor_AHO_MP  motor_passo.o
    0x00000810   0x00000810   0x00000110   Code   RO           15    .text.Motor_AHO_PC  motor_passo.o
    0x00000920   0x00000920   0x00000110   Code   RO           17    .text.Motor_HOR_MP  motor_passo.o
    0x00000a30   0x00000a30   0x00000110   Code   RO           13    .text.Motor_HOR_PC  motor_passo.o
    0x00000b40   0x00000b40   0x00000012   Code   RO           60    .text.Pisca_Transistor  main.o
    0x00000b52   0x00000b52   0x00000002   PAD
    0x00000b54   0x00000b54   0x0000000c   Code   RO           93    .text.PortP_Output  gpio.o
    0x00000b60   0x00000b60   0x00000056   Code   RO           83    .text.TIMER_Init    gpio.o
    0x00000bb6   0x00000bb6   0x00000002   PAD
    0x00000bb8   0x00000bb8   0x00000020   Code   RO           97    .text.Timer2A_Handler  gpio.o
    0x00000bd8   0x00000bd8   0x000001d4   Code   RO           58    .text.atualizar_terminal  main.o
    0x00000dac   0x00000dac   0x00000048   Code   RO           62    .text.fim           main.o
    0x00000df4   0x00000df4   0x00000150   Code   RO           95    .text.invertePino0  gpio.o
    0x00000f44   0x00000f44   0x00000144   Code   RO           38    .text.main          main.o
    0x00001088   0x00001088   0x000000f6   Code   RO           44    .text.pedir_sentido  main.o
    0x0000117e   0x0000117e   0x00000002   PAD
    0x00001180   0x00001180   0x000000f6   Code   RO           46    .text.pedir_velocidade  main.o
    0x00001276   0x00001276   0x00000002   PAD
    0x00001278   0x00001278   0x00000188   Code   RO           48    .text.pedir_voltas  main.o
    0x00001400   0x00001400   0x0000000e   Code   RO          118    x$fpl$dfix          fz_wv.l(dfix.o)
    0x0000140e   0x0000140e   0x0000000e   Code   RO          123    x$fpl$dflt          fz_wv.l(dflt.o)
    0x0000141c   0x0000141c   0x00000012   Code   RO          126    x$fpl$dmul          fz_wv.l(dmul.o)
    0x0000142e   0x0000142e   0x00000012   Code   RO          113    x$fpl$dsub          fz_wv.l(daddsub.o)
    0x00001440   0x00001440   0x0000001a   Code   RO          214    x$fpl$fpinit        fz_wv.l(fpinit.o)
    0x0000145a   0x0000145a   0x00000000   Code   RO          129    x$fpl$usenofp       fz_wv.l(usenofp.o)
    0x0000145a   0x0000145a   0x0000000b   Data   RO           71    .rodata..L__const.pedir_velocidade.ve  main.o
    0x00001465   0x00001465   0x00000007   Data   RO           70    .rodata..L__const.pedir_voltas.v  main.o
    0x0000146c   0x0000146c   0x00000008   Data   RO           69    .rodata.cst8        main.o
    0x00001474   0x00001474   0x00000020   Data   RO          289    Region$$Table       anon$$obj.o


    Execution Region ER_RW (Exec base: 0x20000000, Load base: 0x00001494, Size: 0x00000018, Max: 0xffffffff, ABSOLUTE)

    Exec Addr    Load Addr    Size         Type   Attr      Idx    E Section Name        Object

    0x20000000   0x00001494   0x00000008   Data   RW           23    .data.AHO_MP        motor_passo.o
    0x20000008   0x0000149c   0x00000004   Data   RW           22    .data.AHO_PC        motor_passo.o
    0x2000000c   0x000014a0   0x00000008   Data   RW           24    .data.HOR_MP        motor_passo.o
    0x20000014   0x000014a8   0x00000004   Data   RW           21    .data.HOR_PC        motor_passo.o


    Execution Region ER_ZI (Exec base: 0x20000018, Load base: 0x000014ac, Size: 0x00000470, Max: 0xffffffff, ABSOLUTE)

    Exec Addr    Load Addr    Size         Type   Attr      Idx    E Section Name        Object

    0x20000018        -       0x00000060   Zero   RW          156    .bss                c_w.l(libspace.o)
    0x20000078        -       0x00000002   Zero   RW           25    .bss.angulo         motor_passo.o
    0x2000007a        -       0x00000001   Zero   RW           64    .bss.interrupcao    main.o
    0x2000007b        -       0x00000001   Zero   RW           68    .bss.rxdata         main.o
    0x2000007c        -       0x00000004   Zero   RW           67    .bss.rxfe           main.o
    0x20000080        -       0x00000002   Zero   RW           26    .bss.sentido        motor_passo.o
    0x20000082        -       0x00000001   Zero   RW           65    .bss.timer          main.o
    0x20000083   0x000014ac   0x00000001   PAD
    0x20000084        -       0x00000004   Zero   RW           66    .bss.txff           main.o
    0x20000088        -       0x00000000   Zero   RW            2    HEAP                startup.o
    0x20000088        -       0x00000400   Zero   RW            1    STACK               startup.o


==============================================================================

Image component sizes


      Code (inc. data)   RO Data    RW Data    ZI Data      Debug   Object Name

       882          0          0          0          0       2728   gpio.o
      1766         88         26          0         11       8760   main.o
      1088         32          0         24          4       3590   motor_passo.o
       608        532          0          0       1024       1064   startup.o
       484         92          0          0          0        396   utils.o

    ----------------------------------------------------------------------
      4836        744         58         24       1040      16538   Object Totals
         0          0         32          0          0          0   (incl. Generated)
         8          0          0          0          1          0   (incl. Padding)

    ----------------------------------------------------------------------

      Code (inc. data)   RO Data    RW Data    ZI Data      Debug   Library Member Name

         8          0          0          0          0         68   __main.o
         0          0          0          0          0          0   __rtentry.o
        12          0          0          0          0          0   __rtentry2.o
         6          0          0          0          0          0   __rtentry4.o
        52          8          0          0          0          0   __scatter.o
        26          0          0          0          0          0   __scatter_copy.o
        28          0          0          0          0          0   __scatter_zi.o
        18          0          0          0          0         80   exit.o
         6          0          0          0          0        152   heapauxi.o
         0          0          0          0          0          0   indicate_semi.o
         2          0          0          0          0          0   libinit.o
         6          0          0          0          0          0   libinit2.o
         2          0          0          0          0          0   libshutdown.o
         2          0          0          0          0          0   libshutdown2.o
         8          4          0          0         96         68   libspace.o
         2          0          0          0          0          0   rtexit.o
        10          0          0          0          0          0   rtexit2.o
        12          4          0          0          0         68   sys_exit.o
        74          0          0          0          0         80   sys_stackheap_outer.o
         2          0          0          0          0         68   use_no_semi.o
        18          0          0          0          0        116   daddsub.o
        14          0          0          0          0        116   dfix.o
        14          0          0          0          0        116   dflt.o
        18          0          0          0          0        116   dmul.o
        26          0          0          0          0        116   fpinit.o
         0          0          0          0          0          0   usenofp.o

    ----------------------------------------------------------------------
       374         16          0          0         96       1164   Library Totals
         8          0          0          0          0          0   (incl. Padding)

    ----------------------------------------------------------------------

      Code (inc. data)   RO Data    RW Data    ZI Data      Debug   Library Name

       276         16          0          0         96        584   c_w.l
        90          0          0          0          0        580   fz_wv.l

    ----------------------------------------------------------------------
       374         16          0          0         96       1164   Library Totals

    ----------------------------------------------------------------------

==============================================================================


      Code (inc. data)   RO Data    RW Data    ZI Data      Debug   

      5210        760         58         24       1136      17106   Grand Totals
      5210        760         58         24       1136      17106   ELF Image Totals
      5210        760         58         24          0          0   ROM Totals

==============================================================================

    Total RO  Size (Code + RO Data)                 5268 (   5.14kB)
    Total RW  Size (RW Data + ZI Data)              1160 (   1.13kB)
    Total ROM Size (Code + RO Data + RW Data)       5292 (   5.17kB)

==============================================================================

