


ARM Macro Assembler    Page 1 


    1 00000000         ; gpio.s
    2 00000000         ; Desenvolvido para a placa EK-TM4C1294XL
    3 00000000         ; Prof. Guilherme Peron
    4 00000000         ; Ver 1 19/03/2018
    5 00000000         ; Ver 2 26/08/2018
    6 00000000         
    7 00000000         ; ------------------------------------------------------
                       -------------------------
    8 00000000                 THUMB                        ; Instruções do tip
                                                            o Thumb-2
    9 00000000         ; ------------------------------------------------------
                       -------------------------
   10 00000000         ; Declarações EQU - Defines
   11 00000000         ; ========================
   12 00000000         ; ========================
   13 00000000         ; Definições dos Registradores Gerais
   14 00000000 400FE608 
                       SYSCTL_RCGCGPIO_R
                               EQU              0x400FE608
   15 00000000 400FEA08 
                       SYSCTL_PRGPIO_R
                               EQU              0x400FEA08
   16 00000000         ; ========================
   17 00000000         ; Definições dos Ports
   18 00000000         
   19 00000000         ; PORT A
   20 00000000 40058520 
                       GPIO_PORTA_AHB_LOCK_R
                               EQU              0x40058520
   21 00000000 40058524 
                       GPIO_PORTA_AHB_CR_R
                               EQU              0x40058524
   22 00000000 40058528 
                       GPIO_PORTA_AHB_AMSEL_R
                               EQU              0x40058528
   23 00000000 4005852C 
                       GPIO_PORTA_AHB_PCTL_R
                               EQU              0x4005852C
   24 00000000 40058400 
                       GPIO_PORTA_AHB_DIR_R
                               EQU              0x40058400
   25 00000000 40058420 
                       GPIO_PORTA_AHB_AFSEL_R
                               EQU              0x40058420
   26 00000000 4005851C 
                       GPIO_PORTA_AHB_DEN_R
                               EQU              0x4005851C
   27 00000000 40058510 
                       GPIO_PORTA_AHB_PUR_R
                               EQU              0x40058510
   28 00000000 400583FC 
                       GPIO_PORTA_AHB_DATA_R
                               EQU              0x400583FC
   29 00000000 40058000 
                       GPIO_PORTA_AHB_DATA_BITS_R
                               EQU              0x40058000
   30 00000000 00000001 
                       GPIO_PORTA
                               EQU              2_000000000000001 



ARM Macro Assembler    Page 2 


                                                            ; SYSCTL_PPGPIO_P0
   31 00000000         
   32 00000000         ; PORT J
   33 00000000 40060520 
                       GPIO_PORTJ_AHB_LOCK_R
                               EQU              0x40060520
   34 00000000 40060524 
                       GPIO_PORTJ_AHB_CR_R
                               EQU              0x40060524
   35 00000000 40060528 
                       GPIO_PORTJ_AHB_AMSEL_R
                               EQU              0x40060528
   36 00000000 4006052C 
                       GPIO_PORTJ_AHB_PCTL_R
                               EQU              0x4006052C
   37 00000000 40060400 
                       GPIO_PORTJ_AHB_DIR_R
                               EQU              0x40060400
   38 00000000 40060420 
                       GPIO_PORTJ_AHB_AFSEL_R
                               EQU              0x40060420
   39 00000000 4006051C 
                       GPIO_PORTJ_AHB_DEN_R
                               EQU              0x4006051C
   40 00000000 40060510 
                       GPIO_PORTJ_AHB_PUR_R
                               EQU              0x40060510
   41 00000000 400603FC 
                       GPIO_PORTJ_AHB_DATA_R
                               EQU              0x400603FC
   42 00000000 00000100 
                       GPIO_PORTJ
                               EQU              2_000000100000000
   43 00000000         
   44 00000000         ; PORT Q
   45 00000000 40066520 
                       GPIO_PORTQ_LOCK_R
                               EQU              0x40066520
   46 00000000 40066524 
                       GPIO_PORTQ_CR_R
                               EQU              0x40066524
   47 00000000 40066528 
                       GPIO_PORTQ_AMSEL_R
                               EQU              0x40066528
   48 00000000 4006652C 
                       GPIO_PORTQ_PCTL_R
                               EQU              0x4006652C
   49 00000000 40066400 
                       GPIO_PORTQ_DIR_R
                               EQU              0x40066400
   50 00000000 40066420 
                       GPIO_PORTQ_AFSEL_R
                               EQU              0x40066420
   51 00000000 4006651C 
                       GPIO_PORTQ_DEN_R
                               EQU              0x4006651C
   52 00000000 40066510 
                       GPIO_PORTQ_PUR_R
                               EQU              0x40066510



ARM Macro Assembler    Page 3 


   53 00000000 400663FC 
                       GPIO_PORTQ_DATA_R
                               EQU              0x400663FC
   54 00000000 00004000 
                       GPIO_PORTQ
                               EQU              2_100000000000000
   55 00000000         
   56 00000000         ; PORT B
   57 00000000 40059520 
                       GPIO_PORTB_AHB_LOCK_R
                               EQU              0x40059520
   58 00000000 40059524 
                       GPIO_PORTB_AHB_CR_R
                               EQU              0x40059524
   59 00000000 40059528 
                       GPIO_PORTB_AHB_AMSEL_R
                               EQU              0x40059528
   60 00000000 4005952C 
                       GPIO_PORTB_AHB_PCTL_R
                               EQU              0x4005952C
   61 00000000 40059400 
                       GPIO_PORTB_AHB_DIR_R
                               EQU              0x40059400
   62 00000000 40059420 
                       GPIO_PORTB_AHB_AFSEL_R
                               EQU              0x40059420
   63 00000000 4005951C 
                       GPIO_PORTB_AHB_DEN_R
                               EQU              0x4005951C
   64 00000000 40059510 
                       GPIO_PORTB_AHB_PUR_R
                               EQU              0x40059510
   65 00000000 400593FC 
                       GPIO_PORTB_AHB_DATA_R
                               EQU              0x400593FC
   66 00000000 40059000 
                       GPIO_PORTB_AHB_DATA_BITS_R
                               EQU              0x40059000
   67 00000000 00000002 
                       GPIO_PORTB
                               EQU              2_000000000000010 
                                                            ; SYSCTL_PPGPIO_P1
   68 00000000         
   69 00000000         ; PORT P
   70 00000000 40065520 
                       GPIO_PORTP_LOCK_R
                               EQU              0x40065520
   71 00000000 40065524 
                       GPIO_PORTP_CR_R
                               EQU              0x40065524
   72 00000000 40065528 
                       GPIO_PORTP_AMSEL_R
                               EQU              0x40065528
   73 00000000 4006552C 
                       GPIO_PORTP_PCTL_R
                               EQU              0x4006552C
   74 00000000 40065400 
                       GPIO_PORTP_DIR_R
                               EQU              0x40065400



ARM Macro Assembler    Page 4 


   75 00000000 40065420 
                       GPIO_PORTP_AFSEL_R
                               EQU              0x40065420
   76 00000000 4006551C 
                       GPIO_PORTP_DEN_R
                               EQU              0x4006551C
   77 00000000 40065510 
                       GPIO_PORTP_PUR_R
                               EQU              0x40065510
   78 00000000 400653FC 
                       GPIO_PORTP_DATA_R
                               EQU              0x400653FC
   79 00000000 40065000 
                       GPIO_PORTP_DATA_BITS_R
                               EQU              0x40065000
   80 00000000 00002000 
                       GPIO_PORTP
                               EQU              2_010000000000000
   81 00000000         
   82 00000000         ; ------------------------------------------------------
                       -------------------------
   83 00000000         ; Área de Código - Tudo abaixo da diretiva a seguir será
                        armazenado na memória de 
   84 00000000         ;                  código
   85 00000000                 AREA             |.text|, CODE, READONLY, ALIGN=
2
   86 00000000         
   87 00000000         ; Se alguma função do arquivo for chamada em outro arqui
                       vo 
   88 00000000                 EXPORT           GPIO_Init   ; Permite chamar GP
                                                            IO_Init de outro ar
                                                            quivo
   89 00000000                 EXPORT           PortQ_Output ; Permite chamar P
                                                            ortQ_Output de outr
                                                            o arquivo
   90 00000000                 EXPORT           PortB_Output ; Permite chamar P
                                                            ortB_Output de outr
                                                            o arquivo
   91 00000000                 EXPORT           PortA_Output ; Permite chamar P
                                                            ortJ_Input de outro
                                                             arquivo
   92 00000000                 EXPORT           PortJ_Input ; Permite chamar Po
                                                            rtJ_Input de outro 
                                                            arquivo
   93 00000000                 EXPORT           PortP_Output
   94 00000000                 EXPORT           LED_Output
   95 00000000                 EXPORT           Display_Output
   96 00000000         
   97 00000000         
   98 00000000                 IMPORT           Pisca_Transistor_PP5
   99 00000000         
  100 00000000         ; Mapeamento dos 7 segmentos (0 a F)
  101 00000000 3F 06 5B 
              4F 66 6D 
              7D 07 7F 
              6F       MAPEAMENTO_7SEG
                               DCB              0x3F, 0x06, 0x5B, 0x4F, 0x66, 0
x6D, 0x7D, 0x07, 0x7F, 0x6F
  102 0000000A         



ARM Macro Assembler    Page 5 


  103 0000000A         ;-------------------------------------------------------
                       -------------------------
  104 0000000A         ; Função GPIO_Init
  105 0000000A         ; Parâmetro de entrada: Não tem
  106 0000000A         ; Parâmetro de saída: Não tem
  107 0000000A         GPIO_Init
  108 0000000A         ;=====================
  109 0000000A         ; ****************************************
  110 0000000A         ; Escrever função de inicialização dos GPIO
  111 0000000A         ; Inicializar as portas J e N
  112 0000000A         ; ****************************************
  113 0000000A 4857            LDR              R0, =SYSCTL_RCGCGPIO_R ;Carrega
                                                             o endereço do regi
                                                            strador RCGCGPIO
  114 0000000C F44F 4180       MOV              R1, #GPIO_PORTQ ;Seta o bit da 
                                                            porta Q
  115 00000010 F441 7180       ORR              R1, #GPIO_PORTJ ;Seta o bit da 
                                                            porta J, fazendo co
                                                            m OR
  116 00000014 F041 0102       ORR              R1, #GPIO_PORTB ;Seta o bit da 
                                                            porta B, fazendo co
                                                            m OR
  117 00000018 F041 0101       ORR              R1, #GPIO_PORTA ;Seta o bit da 
                                                            porta A, fazendo co
                                                            m OR
  118 0000001C F441 5100       ORR              R1, #GPIO_PORTP ;Seta o bit da 
                                                            porta P, fazendo co
                                                            m OR
  119 00000020 6001            STR              R1, [R0]    ;Move para a memóri
                                                            a os bits das porta
                                                            s no endereço do RC
                                                            GCGPIO
  120 00000022         
  121 00000022 4852            LDR              R0, =SYSCTL_PRGPIO_R ;Carrega o
                                                             endereço do PRGPIO
                                                             para esperar os GP
                                                            IO ficarem prontos
  122 00000024 6801    EsperaGPIO
                               LDR              R1, [R0]    ;Lê da memória o co
                                                            nteúdo do endereço 
                                                            do registrador
  123 00000026 F44F 4280       MOV              R2, #GPIO_PORTQ ;Seta os bits c
                                                            orrespondentes às p
                                                            ortas para fazer a 
                                                            comparação
  124 0000002A F442 7280       ORR              R2, #GPIO_PORTJ ;Seta o bit da 
                                                            porta J, fazendo co
                                                            m OR
  125 0000002E F042 0202       ORR              R2, #GPIO_PORTB ;Seta o bit da 
                                                            porta B, fazendo co
                                                            m OR
  126 00000032 F042 0201       ORR              R2, #GPIO_PORTA ;Seta o bit da 
                                                            porta A, fazendo co
                                                            m OR
  127 00000036 F442 5200       ORR              R2, #GPIO_PORTP ;Seta o bit da 
                                                            porta P, fazendo co
                                                            m OR
  128 0000003A 4211            TST              R1, R2      ;ANDS de R1 com R2
  129 0000003C D0F2            BEQ              EsperaGPIO  ;Se o flag Z=1, vol



ARM Macro Assembler    Page 6 


                                                            ta para o laço. Sen
                                                            ão continua executa
                                                            ndo
  130 0000003E         
  131 0000003E         ; 2. Limpar o AMSEL para desabilitar a analógica
  132 0000003E F04F 0100       MOV              R1, #0x00   ;Colocar 0 no regis
                                                            trador para desabil
                                                            itar a função analó
                                                            gica
  133 00000042 484B            LDR              R0, =GPIO_PORTJ_AHB_AMSEL_R ;Ca
                                                            rrega o R0 com o en
                                                            dereço do AMSEL par
                                                            a a porta J
  134 00000044 6001            STR              R1, [R0]    ;Guarda no registra
                                                            dor AMSEL da porta 
                                                            J da memória
  135 00000046         
  136 00000046 484B            LDR              R0, =GPIO_PORTQ_AMSEL_R ;Carreg
                                                            a o R0 com o endere
                                                            ço do AMSEL para a 
                                                            porta Q
  137 00000048 6001            STR              R1, [R0]    ;Guarda no registra
                                                            dor AMSEL da porta 
                                                            Q da memória
  138 0000004A         
  139 0000004A 484B            LDR              R0, =GPIO_PORTB_AHB_AMSEL_R ;Ca
                                                            rrega o R0 com o en
                                                            dereço do AMSEL par
                                                            a a porta B
  140 0000004C 6001            STR              R1, [R0]    ;Guarda no registra
                                                            dor AMSEL da porta 
                                                            B da memória
  141 0000004E         
  142 0000004E 484B            LDR              R0, =GPIO_PORTA_AHB_AMSEL_R ;Ca
                                                            rrega o R0 com o en
                                                            dereço do AMSEL par
                                                            a a porta B
  143 00000050 6001            STR              R1, [R0]    ;Guarda no registra
                                                            dor AMSEL da porta 
                                                            B da memória
  144 00000052         
  145 00000052 484B            LDR              R0, =GPIO_PORTP_AMSEL_R ;Carreg
                                                            a o R0 com o endere
                                                            ço do AMSEL para a 
                                                            porta P
  146 00000054 6001            STR              R1, [R0]    ;Guarda no registra
                                                            dor AMSEL da porta 
                                                            P da memória
  147 00000056         ; 3. Limpar PCTL para selecionar o GPIO
  148 00000056 F04F 0100       MOV              R1, #0x00   ;Colocar 0 no regis
                                                            trador para selecio
                                                            nar o modo GPIO
  149 0000005A 484A            LDR              R0, =GPIO_PORTJ_AHB_PCTL_R ;Car
                                                            rega o R0 com o end
                                                            ereço do PCTL para 
                                                            a porta J
  150 0000005C 6001            STR              R1, [R0]    ;Guarda no registra
                                                            dor PCTL da porta J
                                                             da memória



ARM Macro Assembler    Page 7 


  151 0000005E         
  152 0000005E 484A            LDR              R0, =GPIO_PORTQ_PCTL_R ;Carrega
                                                             o R0 com o endereç
                                                            o do PCTL para a po
                                                            rta Q
  153 00000060 6001            STR              R1, [R0]    ;Guarda no registra
                                                            dor PCTL da porta Q
                                                             da memória
  154 00000062         
  155 00000062 484A            LDR              R0, =GPIO_PORTB_AHB_PCTL_R ;Car
                                                            rega o R0 com o end
                                                            ereço do PCTL para 
                                                            a porta B
  156 00000064 6001            STR              R1, [R0]    ;Guarda no registra
                                                            dor PCTL da porta B
                                                             da memória
  157 00000066         
  158 00000066 484A            LDR              R0, =GPIO_PORTA_AHB_PCTL_R ;Car
                                                            rega o R0 com o end
                                                            ereço do PCTL para 
                                                            a porta A
  159 00000068 6001            STR              R1, [R0]    ;Guarda no registra
                                                            dor PCTL da porta A
                                                             da memória
  160 0000006A         
  161 0000006A 484A            LDR              R0, =GPIO_PORTP_PCTL_R ;Carrega
                                                             o R0 com o endereç
                                                            o do PCTL para a po
                                                            rta P
  162 0000006C 6001            STR              R1, [R0]    ;Guarda no registra
                                                            dor PCTL da porta P
                                                             da memória
  163 0000006E         ; 4. DIR para 0 se for entrada, 1 se for saída
  164 0000006E 484A            LDR              R0, =GPIO_PORTQ_DIR_R ; Carrega
                                                             o R0 com o endereç
                                                            o do DIR para a por
                                                            ta Q
  165 00000070 F04F 010F       MOV              R1, #2_00001111 ; PQ0:PQ3
  166 00000074 6001            STR              R1, [R0]    ;Guarda no registra
                                                            dor
  167 00000076         ; O certo era verificar os outros bits da PF para não tr
                       ansformar entradas em saídas desnecessárias
  168 00000076 4849            LDR              R0, =GPIO_PORTJ_AHB_DIR_R ;Carr
                                                            ega o R0 com o ende
                                                            reço do DIR para a 
                                                            porta J
  169 00000078 F04F 0100       MOV              R1, #0x00   ;Colocar 0 no regis
                                                            trador DIR para fun
                                                            cionar com saída
  170 0000007C 6001            STR              R1, [R0]    ;Guarda no registra
                                                            dor PCTL da porta J
                                                             da memória
  171 0000007E         
  172 0000007E 4848            LDR              R0, =GPIO_PORTB_AHB_DIR_R ;Carr
                                                            ega o R0 com o ende
                                                            reço do DIR para a 
                                                            porta B
  173 00000080 F04F 0130       MOV              R1, #2_00110000 ;PB4 e PB5
  174 00000084 6001            STR              R1, [R0]    ;Guarda no registra



ARM Macro Assembler    Page 8 


                                                            dor
  175 00000086         
  176 00000086 4847            LDR              R0, =GPIO_PORTA_AHB_DIR_R ;Carr
                                                            ega o R0 com o ende
                                                            reço do DIR para a 
                                                            porta A
  177 00000088 F04F 01F0       MOV              R1, #2_11110000 ;PA4:PA7
  178 0000008C 6001            STR              R1, [R0]    ;Guarda no registra
                                                            dor
  179 0000008E         
  180 0000008E 4846            LDR              R0, =GPIO_PORTP_DIR_R ;Carrega 
                                                            o R0 com o endereço
                                                             do DIR para a port
                                                            a P
  181 00000090 F04F 0120       MOV              R1, #2_00100000 ;PP5
  182 00000094 6001            STR              R1, [R0]    ;Guarda no registra
                                                            dor
  183 00000096         ; 5. Limpar os bits AFSEL para 0 para selecionar GPIO 
  184 00000096         ;    Sem função alternativa
  185 00000096 F04F 0100       MOV              R1, #0x00   ;Colocar o valor 0 
                                                            para não setar funç
                                                            ão alternativa
  186 0000009A 4844            LDR              R0, =GPIO_PORTQ_AFSEL_R ;Carreg
                                                            a o endereço do AFS
                                                            EL da porta Q
  187 0000009C 6001            STR              R1, [R0]    ;Escreve na porta
  188 0000009E         
  189 0000009E 4844            LDR              R0, =GPIO_PORTJ_AHB_AFSEL_R ;Ca
                                                            rrega o endereço do
                                                             AFSEL da porta J
  190 000000A0 6001            STR              R1, [R0]    ;Escreve na porta
  191 000000A2         
  192 000000A2 4844            LDR              R0, =GPIO_PORTB_AHB_AFSEL_R ;Ca
                                                            rrega o endereço do
                                                             AFSEL da porta B
  193 000000A4 6001            STR              R1, [R0]    ;Escreve na porta
  194 000000A6         
  195 000000A6 4844            LDR              R0, =GPIO_PORTA_AHB_AFSEL_R ;Ca
                                                            rrega o endereço do
                                                             AFSEL da porta A
  196 000000A8 6001            STR              R1, [R0]    ;Escreve na porta
  197 000000AA         
  198 000000AA 4844            LDR              R0, =GPIO_PORTP_AFSEL_R ;Carreg
                                                            a o endereço do AFS
                                                            EL na porta P
  199 000000AC 6001            STR              R1, [R0]    ;Escreve na porta
  200 000000AE         ; 6. Setar os bits de DEN para habilitar I/O digital
  201 000000AE 4844            LDR              R0, =GPIO_PORTQ_DEN_R ;Carrega 
                                                            o endereço do DEN
  202 000000B0 F04F 010F       MOV              R1, #2_00001111 ;Ativa os pinos
                                                             PQ0:PQ3 como I/O D
                                                            igital
  203 000000B4 6001            STR              R1, [R0]    ;Escreve no registr
                                                            ador da memória fun
                                                            cionalidade digital
                                                             
  204 000000B6         
  205 000000B6 4843            LDR              R0, =GPIO_PORTJ_AHB_DEN_R ;Carr
                                                            ega o endereço do D



ARM Macro Assembler    Page 9 


                                                            EN
  206 000000B8 F04F 0101       MOV              R1, #2_00000001 ;Ativa os pinos
                                                             PJ0  como I/O Digi
                                                            tal      
  207 000000BC 6001            STR              R1, [R0]    ;Escreve no registr
                                                            ador da memória fun
                                                            cionalidade digital
                                                            
  208 000000BE         
  209 000000BE 4842            LDR              R0, =GPIO_PORTB_AHB_DEN_R ;Carr
                                                            ega o endereço do D
                                                            EN
  210 000000C0 F04F 0130       MOV              R1, #2_00110000 ;Setar os pinos
                                                             PB4 e PB5
  211 000000C4 6001            STR              R1, [R0]    ;Escreve no registr
                                                            ador da memória fun
                                                            cionalidade digital
                                                             
  212 000000C6         
  213 000000C6 4841            LDR              R0, =GPIO_PORTA_AHB_DEN_R ;Carr
                                                            ega o endereço do D
                                                            EN
  214 000000C8 F04F 01F0       MOV              R1, #2_11110000 ;Setar os pinos
                                                             PA0:PA3
  215 000000CC 6001            STR              R1, [R0]    ;Escreve no registr
                                                            ador da memória fun
                                                            cionalidade digital
                                                             
  216 000000CE         
  217 000000CE 4840            LDR              R0, =GPIO_PORTP_DEN_R ;Carrega 
                                                            o endereço do DEN
  218 000000D0 F04F 0120       MOV              R1, #2_00100000 
                                                            ;Setar o pino PP5
  219 000000D4 6001            STR              R1, [R0]    ;Escreve no registr
                                                            ador de memória fun
                                                            cionalidade digital
                                                            
  220 000000D6         ; 7. Para habilitar resistor de pull-up interno, setar P
                       UR para 1
  221 000000D6 483F            LDR              R0, =GPIO_PORTJ_AHB_PUR_R ;Carr
                                                            ega o endereço do P
                                                            UR para a porta J
  222 000000D8 F04F 0103       MOV              R1, #2_00000011 ;Habilitar func
                                                            ionalidade digital 
                                                            de resistor de pull
                                                            -up 
  223 000000DC         ;nos bits 0 e 1
  224 000000DC 6001            STR              R1, [R0]    ;Escreve no registr
                                                            ador da memória do 
                                                            resistor de pull-up
                                                            
  225 000000DE         
  226 000000DE         ;retorno            
  227 000000DE 4770            BX               LR
  228 000000E0         
  229 000000E0         ; ------------------------------------------------------
                       -------------------------
  230 000000E0         ; Função PortN_Output
  231 000000E0         ; Parâmetro de entrada: 



ARM Macro Assembler    Page 10 


  232 000000E0         ; Parâmetro de saída: Não tem
  233 000000E0         PortQ_Output
  234 000000E0         ; ****************************************
  235 000000E0         ; Escrever função que acende ou apaga o LED
  236 000000E0         ; ****************************************
  237 000000E0 493D            LDR              R1, =GPIO_PORTQ_DATA_R ;Carrega
                                                             o valor do offset 
                                                            do data register
  238 000000E2         ;Read-Modify-Write para escrita
  239 000000E2 680A            LDR              R2, [R1]
  240 000000E4 F022 020F       BIC              R2, #2_00001111 ;Limpar bits li
                                                            dos da porta 111100
                                                            00
  241 000000E8 EA40 0002       ORR              R0, R0, R2  ;Fazer o OR do lido
                                                             pela porta com o p
                                                            arâmetro de entrada
                                                            
  242 000000EC 6008            STR              R0, [R1]    ;Escreve na porta Q
                                                             o barramento de da
                                                            dos dos pinos N1
  243 000000EE 4770            BX               LR          ;Retorno
  244 000000F0         
  245 000000F0         PortB_Output
  246 000000F0         ; ****************************************
  247 000000F0         ; Escrever função que acende ou apaga o LED
  248 000000F0         ; ****************************************
  249 000000F0 493A            LDR              R1, =GPIO_PORTB_AHB_DATA_R ;Car
                                                            rega o valor do off
                                                            set do data registe
                                                            r
  250 000000F2         ;Read-Modify-Write para escrita
  251 000000F2 680A            LDR              R2, [R1]
  252 000000F4 F022 0230       BIC              R2, #2_00110000 ;Limpar bits li
                                                            dos da porta 110011
                                                            11
  253 000000F8 EA40 0002       ORR              R0, R0, R2  ;Fazer o OR do lido
                                                             pela porta com o p
                                                            arâmetro de entrada
                                                            
  254 000000FC 6008            STR              R0, [R1]    ;Escreve na porta B
                                                             o barramento de da
                                                            dos dos pinos N1
  255 000000FE 4770            BX               LR          ;Retorno
  256 00000100         
  257 00000100         PortA_Output
  258 00000100         ; ****************************************
  259 00000100         ; Escrever função que acende ou apaga o LED
  260 00000100         ; ****************************************
  261 00000100 4937            LDR              R1, =GPIO_PORTA_AHB_DATA_R ;Car
                                                            rega o valor do off
                                                            set do data registe
                                                            r
  262 00000102         ;Read-Modify-Write para escrita
  263 00000102 680A            LDR              R2, [R1]
  264 00000104 F022 02F0       BIC              R2, #2_11110000 ;Limpar bits li
                                                            dos da porta 000011
                                                            11
  265 00000108 EA40 0002       ORR              R0, R0, R2  ;Fazer o OR do lido
                                                             pela porta com o p



ARM Macro Assembler    Page 11 


                                                            arâmetro de entrada
                                                            
  266 0000010C 6008            STR              R0, [R1]    ;Escreve na porta B
                                                             o barramento de da
                                                            dos dos pinos N1
  267 0000010E 4770            BX               LR          ;Retorno
  268 00000110         ; ------------------------------------------------------
                       -------------------------
  269 00000110         ; Função PortJ_Input
  270 00000110         ; Parâmetro de entrada: Não tem
  271 00000110         ; Parâmetro de saída: R0 --> o valor da leitura
  272 00000110         PortJ_Input
  273 00000110         ; ****************************************
  274 00000110         ; Escrever função que lê a chave e retorna 
  275 00000110         ; um registrador se está ativada ou não
  276 00000110         ; ****************************************
  277 00000110 4934            LDR              R1, =GPIO_PORTJ_AHB_DATA_R ;Car
                                                            rega o valor do off
                                                            set do data registe
                                                            r
  278 00000112 6808            LDR              R0, [R1]    ;Lê no barramento d
                                                            e dados dos pinos [
                                                            J1-J0]
  279 00000114 4770            BX               LR          ;Retorno
  280 00000116         
  281 00000116         PortP_Output
  282 00000116 4934            LDR              R1, =GPIO_PORTP_DATA_R ;Carrega
                                                             o valor do offset 
                                                            do data register
  283 00000118         ;Read-Modify-Write para escrita
  284 00000118 680A            LDR              R2, [R1]
  285 0000011A F022 0220       BIC              R2, #2_00100000 ;Limpar bits li
                                                            dos da porta 110011
                                                            11
  286 0000011E EA40 0002       ORR              R0, R0, R2  ;Fazer o OR do lido
                                                             pela porta com o p
                                                            arâmetro de entrada
                                                            
  287 00000122 6008            STR              R0, [R1]    ;Escreve na porta B
                                                             o barramento de da
                                                            dos dos pinos N1
  288 00000124 4770            BX               LR
  289 00000126         
  290 00000126         LED_Output
  291 00000126 B500            PUSH             {LR}
  292 00000128 492D            LDR              R1, =GPIO_PORTA_AHB_DATA_R ;Car
                                                            rega o valor do off
                                                            set do data registe
                                                            r
  293 0000012A 4A2B            LDR              R2, =GPIO_PORTQ_DATA_R ;Carrega
                                                             o valor do offset 
                                                            do data register
  294 0000012C         
  295 0000012C 680B            LDR              R3, [R1]
  296 0000012E 6814            LDR              R4, [R2]
  297 00000130         
  298 00000130         
  299 00000130 F1B9 0F00       CMP              R9, #0
  300 00000134 BF04            ITT              EQ



ARM Macro Assembler    Page 12 


  301 00000136 2380            MOVEQ            R3, #2_10000000
  302 00000138 2401            MOVEQ            R4, #2_00000001
  303 0000013A         
  304 0000013A F1B9 0F01       CMP              R9, #1
  305 0000013E BF04            ITT              EQ
  306 00000140 2340            MOVEQ            R3, #2_01000000
  307 00000142 2402            MOVEQ            R4, #2_00000010
  308 00000144         
  309 00000144 F1B9 0F02       CMP              R9, #2
  310 00000148 BF04            ITT              EQ
  311 0000014A 2320            MOVEQ            R3, #2_00100000
  312 0000014C 2404            MOVEQ            R4, #2_00000100
  313 0000014E         
  314 0000014E F1B9 0F03       CMP              R9, #3
  315 00000152 BF04            ITT              EQ
  316 00000154 2310            MOVEQ            R3, #2_00010000
  317 00000156 2408            MOVEQ            R4, #2_00001000
  318 00000158         
  319 00000158 600B            STR              R3, [R1]
  320 0000015A 6014            STR              R4, [R2]
  321 0000015C         
  322 0000015C F7FF FFFE       BL               Pisca_Transistor_PP5
  323 00000160 F85D EB04       POP              {LR}
  324 00000164 4770            BX               LR
  325 00000166         
  326 00000166         Display_Output
  327 00000166         
  328 00000166         
  329 00000166         
  330 00000166 00 00           ALIGN                        ; garante que o fim
                                                             da seção está alin
                                                            hada 
  331 00000168                 END                          ; fim do arquivo
              400FE608 
              400FEA08 
              40060528 
              40066528 
              40059528 
              40058528 
              40065528 
              4006052C 
              4006652C 
              4005952C 
              4005852C 
              4006552C 
              40066400 
              40060400 
              40059400 
              40058400 
              40065400 
              40066420 
              40060420 
              40059420 
              40058420 
              40065420 
              4006651C 
              4006051C 
              4005951C 
              4005851C 



ARM Macro Assembler    Page 13 


              4006551C 
              40060510 
              400663FC 
              400593FC 
              400583FC 
              400603FC 
              400653FC 
Command Line: --debug --xref --diag_suppress=9931,A1950W --cpu=Cortex-M4.fp.sp 
--depend=.\objects\gpio.d -o.\objects\gpio.o -IC:\Users\Arthur\AppData\Local\Ar
m\Packs\Keil\TM4C_DFP\1.1.0\Device\Include\TM4C129 --predefine="__EVAL SETA 1" 
--predefine="__UVISION_VERSION SETA 539" --predefine="TM4C1294NCPDT SETA 1" --l
ist=.\listings\gpio.lst gpio.s



ARM Macro Assembler    Page 1 Alphabetic symbol ordering
Relocatable symbols

.text 00000000

Symbol: .text
   Definitions
      At line 85 in file gpio.s
   Uses
      None
Comment: .text unused
Display_Output 00000166

Symbol: Display_Output
   Definitions
      At line 326 in file gpio.s
   Uses
      At line 95 in file gpio.s
Comment: Display_Output used once
EsperaGPIO 00000024

Symbol: EsperaGPIO
   Definitions
      At line 122 in file gpio.s
   Uses
      At line 129 in file gpio.s
Comment: EsperaGPIO used once
GPIO_Init 0000000A

Symbol: GPIO_Init
   Definitions
      At line 107 in file gpio.s
   Uses
      At line 88 in file gpio.s
Comment: GPIO_Init used once
LED_Output 00000126

Symbol: LED_Output
   Definitions
      At line 290 in file gpio.s
   Uses
      At line 94 in file gpio.s
Comment: LED_Output used once
MAPEAMENTO_7SEG 00000000

Symbol: MAPEAMENTO_7SEG
   Definitions
      At line 101 in file gpio.s
   Uses
      None
Comment: MAPEAMENTO_7SEG unused
PortA_Output 00000100

Symbol: PortA_Output
   Definitions
      At line 257 in file gpio.s
   Uses
      At line 91 in file gpio.s
Comment: PortA_Output used once
PortB_Output 000000F0

Symbol: PortB_Output



ARM Macro Assembler    Page 2 Alphabetic symbol ordering
Relocatable symbols

   Definitions
      At line 245 in file gpio.s
   Uses
      At line 90 in file gpio.s
Comment: PortB_Output used once
PortJ_Input 00000110

Symbol: PortJ_Input
   Definitions
      At line 272 in file gpio.s
   Uses
      At line 92 in file gpio.s
Comment: PortJ_Input used once
PortP_Output 00000116

Symbol: PortP_Output
   Definitions
      At line 281 in file gpio.s
   Uses
      At line 93 in file gpio.s
Comment: PortP_Output used once
PortQ_Output 000000E0

Symbol: PortQ_Output
   Definitions
      At line 233 in file gpio.s
   Uses
      At line 89 in file gpio.s
Comment: PortQ_Output used once
11 symbols



ARM Macro Assembler    Page 1 Alphabetic symbol ordering
Absolute symbols

GPIO_PORTA 00000001

Symbol: GPIO_PORTA
   Definitions
      At line 30 in file gpio.s
   Uses
      At line 117 in file gpio.s
      At line 126 in file gpio.s

GPIO_PORTA_AHB_AFSEL_R 40058420

Symbol: GPIO_PORTA_AHB_AFSEL_R
   Definitions
      At line 25 in file gpio.s
   Uses
      At line 195 in file gpio.s
Comment: GPIO_PORTA_AHB_AFSEL_R used once
GPIO_PORTA_AHB_AMSEL_R 40058528

Symbol: GPIO_PORTA_AHB_AMSEL_R
   Definitions
      At line 22 in file gpio.s
   Uses
      At line 142 in file gpio.s
Comment: GPIO_PORTA_AHB_AMSEL_R used once
GPIO_PORTA_AHB_CR_R 40058524

Symbol: GPIO_PORTA_AHB_CR_R
   Definitions
      At line 21 in file gpio.s
   Uses
      None
Comment: GPIO_PORTA_AHB_CR_R unused
GPIO_PORTA_AHB_DATA_BITS_R 40058000

Symbol: GPIO_PORTA_AHB_DATA_BITS_R
   Definitions
      At line 29 in file gpio.s
   Uses
      None
Comment: GPIO_PORTA_AHB_DATA_BITS_R unused
GPIO_PORTA_AHB_DATA_R 400583FC

Symbol: GPIO_PORTA_AHB_DATA_R
   Definitions
      At line 28 in file gpio.s
   Uses
      At line 261 in file gpio.s
      At line 292 in file gpio.s

GPIO_PORTA_AHB_DEN_R 4005851C

Symbol: GPIO_PORTA_AHB_DEN_R
   Definitions
      At line 26 in file gpio.s
   Uses
      At line 213 in file gpio.s
Comment: GPIO_PORTA_AHB_DEN_R used once
GPIO_PORTA_AHB_DIR_R 40058400



ARM Macro Assembler    Page 2 Alphabetic symbol ordering
Absolute symbols


Symbol: GPIO_PORTA_AHB_DIR_R
   Definitions
      At line 24 in file gpio.s
   Uses
      At line 176 in file gpio.s
Comment: GPIO_PORTA_AHB_DIR_R used once
GPIO_PORTA_AHB_LOCK_R 40058520

Symbol: GPIO_PORTA_AHB_LOCK_R
   Definitions
      At line 20 in file gpio.s
   Uses
      None
Comment: GPIO_PORTA_AHB_LOCK_R unused
GPIO_PORTA_AHB_PCTL_R 4005852C

Symbol: GPIO_PORTA_AHB_PCTL_R
   Definitions
      At line 23 in file gpio.s
   Uses
      At line 158 in file gpio.s
Comment: GPIO_PORTA_AHB_PCTL_R used once
GPIO_PORTA_AHB_PUR_R 40058510

Symbol: GPIO_PORTA_AHB_PUR_R
   Definitions
      At line 27 in file gpio.s
   Uses
      None
Comment: GPIO_PORTA_AHB_PUR_R unused
GPIO_PORTB 00000002

Symbol: GPIO_PORTB
   Definitions
      At line 67 in file gpio.s
   Uses
      At line 116 in file gpio.s
      At line 125 in file gpio.s

GPIO_PORTB_AHB_AFSEL_R 40059420

Symbol: GPIO_PORTB_AHB_AFSEL_R
   Definitions
      At line 62 in file gpio.s
   Uses
      At line 192 in file gpio.s
Comment: GPIO_PORTB_AHB_AFSEL_R used once
GPIO_PORTB_AHB_AMSEL_R 40059528

Symbol: GPIO_PORTB_AHB_AMSEL_R
   Definitions
      At line 59 in file gpio.s
   Uses
      At line 139 in file gpio.s
Comment: GPIO_PORTB_AHB_AMSEL_R used once
GPIO_PORTB_AHB_CR_R 40059524

Symbol: GPIO_PORTB_AHB_CR_R



ARM Macro Assembler    Page 3 Alphabetic symbol ordering
Absolute symbols

   Definitions
      At line 58 in file gpio.s
   Uses
      None
Comment: GPIO_PORTB_AHB_CR_R unused
GPIO_PORTB_AHB_DATA_BITS_R 40059000

Symbol: GPIO_PORTB_AHB_DATA_BITS_R
   Definitions
      At line 66 in file gpio.s
   Uses
      None
Comment: GPIO_PORTB_AHB_DATA_BITS_R unused
GPIO_PORTB_AHB_DATA_R 400593FC

Symbol: GPIO_PORTB_AHB_DATA_R
   Definitions
      At line 65 in file gpio.s
   Uses
      At line 249 in file gpio.s
Comment: GPIO_PORTB_AHB_DATA_R used once
GPIO_PORTB_AHB_DEN_R 4005951C

Symbol: GPIO_PORTB_AHB_DEN_R
   Definitions
      At line 63 in file gpio.s
   Uses
      At line 209 in file gpio.s
Comment: GPIO_PORTB_AHB_DEN_R used once
GPIO_PORTB_AHB_DIR_R 40059400

Symbol: GPIO_PORTB_AHB_DIR_R
   Definitions
      At line 61 in file gpio.s
   Uses
      At line 172 in file gpio.s
Comment: GPIO_PORTB_AHB_DIR_R used once
GPIO_PORTB_AHB_LOCK_R 40059520

Symbol: GPIO_PORTB_AHB_LOCK_R
   Definitions
      At line 57 in file gpio.s
   Uses
      None
Comment: GPIO_PORTB_AHB_LOCK_R unused
GPIO_PORTB_AHB_PCTL_R 4005952C

Symbol: GPIO_PORTB_AHB_PCTL_R
   Definitions
      At line 60 in file gpio.s
   Uses
      At line 155 in file gpio.s
Comment: GPIO_PORTB_AHB_PCTL_R used once
GPIO_PORTB_AHB_PUR_R 40059510

Symbol: GPIO_PORTB_AHB_PUR_R
   Definitions
      At line 64 in file gpio.s
   Uses



ARM Macro Assembler    Page 4 Alphabetic symbol ordering
Absolute symbols

      None
Comment: GPIO_PORTB_AHB_PUR_R unused
GPIO_PORTJ 00000100

Symbol: GPIO_PORTJ
   Definitions
      At line 42 in file gpio.s
   Uses
      At line 115 in file gpio.s
      At line 124 in file gpio.s

GPIO_PORTJ_AHB_AFSEL_R 40060420

Symbol: GPIO_PORTJ_AHB_AFSEL_R
   Definitions
      At line 38 in file gpio.s
   Uses
      At line 189 in file gpio.s
Comment: GPIO_PORTJ_AHB_AFSEL_R used once
GPIO_PORTJ_AHB_AMSEL_R 40060528

Symbol: GPIO_PORTJ_AHB_AMSEL_R
   Definitions
      At line 35 in file gpio.s
   Uses
      At line 133 in file gpio.s
Comment: GPIO_PORTJ_AHB_AMSEL_R used once
GPIO_PORTJ_AHB_CR_R 40060524

Symbol: GPIO_PORTJ_AHB_CR_R
   Definitions
      At line 34 in file gpio.s
   Uses
      None
Comment: GPIO_PORTJ_AHB_CR_R unused
GPIO_PORTJ_AHB_DATA_R 400603FC

Symbol: GPIO_PORTJ_AHB_DATA_R
   Definitions
      At line 41 in file gpio.s
   Uses
      At line 277 in file gpio.s
Comment: GPIO_PORTJ_AHB_DATA_R used once
GPIO_PORTJ_AHB_DEN_R 4006051C

Symbol: GPIO_PORTJ_AHB_DEN_R
   Definitions
      At line 39 in file gpio.s
   Uses
      At line 205 in file gpio.s
Comment: GPIO_PORTJ_AHB_DEN_R used once
GPIO_PORTJ_AHB_DIR_R 40060400

Symbol: GPIO_PORTJ_AHB_DIR_R
   Definitions
      At line 37 in file gpio.s
   Uses
      At line 168 in file gpio.s
Comment: GPIO_PORTJ_AHB_DIR_R used once



ARM Macro Assembler    Page 5 Alphabetic symbol ordering
Absolute symbols

GPIO_PORTJ_AHB_LOCK_R 40060520

Symbol: GPIO_PORTJ_AHB_LOCK_R
   Definitions
      At line 33 in file gpio.s
   Uses
      None
Comment: GPIO_PORTJ_AHB_LOCK_R unused
GPIO_PORTJ_AHB_PCTL_R 4006052C

Symbol: GPIO_PORTJ_AHB_PCTL_R
   Definitions
      At line 36 in file gpio.s
   Uses
      At line 149 in file gpio.s
Comment: GPIO_PORTJ_AHB_PCTL_R used once
GPIO_PORTJ_AHB_PUR_R 40060510

Symbol: GPIO_PORTJ_AHB_PUR_R
   Definitions
      At line 40 in file gpio.s
   Uses
      At line 221 in file gpio.s
Comment: GPIO_PORTJ_AHB_PUR_R used once
GPIO_PORTP 00002000

Symbol: GPIO_PORTP
   Definitions
      At line 80 in file gpio.s
   Uses
      At line 118 in file gpio.s
      At line 127 in file gpio.s

GPIO_PORTP_AFSEL_R 40065420

Symbol: GPIO_PORTP_AFSEL_R
   Definitions
      At line 75 in file gpio.s
   Uses
      At line 198 in file gpio.s
Comment: GPIO_PORTP_AFSEL_R used once
GPIO_PORTP_AMSEL_R 40065528

Symbol: GPIO_PORTP_AMSEL_R
   Definitions
      At line 72 in file gpio.s
   Uses
      At line 145 in file gpio.s
Comment: GPIO_PORTP_AMSEL_R used once
GPIO_PORTP_CR_R 40065524

Symbol: GPIO_PORTP_CR_R
   Definitions
      At line 71 in file gpio.s
   Uses
      None
Comment: GPIO_PORTP_CR_R unused
GPIO_PORTP_DATA_BITS_R 40065000




ARM Macro Assembler    Page 6 Alphabetic symbol ordering
Absolute symbols

Symbol: GPIO_PORTP_DATA_BITS_R
   Definitions
      At line 79 in file gpio.s
   Uses
      None
Comment: GPIO_PORTP_DATA_BITS_R unused
GPIO_PORTP_DATA_R 400653FC

Symbol: GPIO_PORTP_DATA_R
   Definitions
      At line 78 in file gpio.s
   Uses
      At line 282 in file gpio.s
Comment: GPIO_PORTP_DATA_R used once
GPIO_PORTP_DEN_R 4006551C

Symbol: GPIO_PORTP_DEN_R
   Definitions
      At line 76 in file gpio.s
   Uses
      At line 217 in file gpio.s
Comment: GPIO_PORTP_DEN_R used once
GPIO_PORTP_DIR_R 40065400

Symbol: GPIO_PORTP_DIR_R
   Definitions
      At line 74 in file gpio.s
   Uses
      At line 180 in file gpio.s
Comment: GPIO_PORTP_DIR_R used once
GPIO_PORTP_LOCK_R 40065520

Symbol: GPIO_PORTP_LOCK_R
   Definitions
      At line 70 in file gpio.s
   Uses
      None
Comment: GPIO_PORTP_LOCK_R unused
GPIO_PORTP_PCTL_R 4006552C

Symbol: GPIO_PORTP_PCTL_R
   Definitions
      At line 73 in file gpio.s
   Uses
      At line 161 in file gpio.s
Comment: GPIO_PORTP_PCTL_R used once
GPIO_PORTP_PUR_R 40065510

Symbol: GPIO_PORTP_PUR_R
   Definitions
      At line 77 in file gpio.s
   Uses
      None
Comment: GPIO_PORTP_PUR_R unused
GPIO_PORTQ 00004000

Symbol: GPIO_PORTQ
   Definitions
      At line 54 in file gpio.s



ARM Macro Assembler    Page 7 Alphabetic symbol ordering
Absolute symbols

   Uses
      At line 114 in file gpio.s
      At line 123 in file gpio.s

GPIO_PORTQ_AFSEL_R 40066420

Symbol: GPIO_PORTQ_AFSEL_R
   Definitions
      At line 50 in file gpio.s
   Uses
      At line 186 in file gpio.s
Comment: GPIO_PORTQ_AFSEL_R used once
GPIO_PORTQ_AMSEL_R 40066528

Symbol: GPIO_PORTQ_AMSEL_R
   Definitions
      At line 47 in file gpio.s
   Uses
      At line 136 in file gpio.s
Comment: GPIO_PORTQ_AMSEL_R used once
GPIO_PORTQ_CR_R 40066524

Symbol: GPIO_PORTQ_CR_R
   Definitions
      At line 46 in file gpio.s
   Uses
      None
Comment: GPIO_PORTQ_CR_R unused
GPIO_PORTQ_DATA_R 400663FC

Symbol: GPIO_PORTQ_DATA_R
   Definitions
      At line 53 in file gpio.s
   Uses
      At line 237 in file gpio.s
      At line 293 in file gpio.s

GPIO_PORTQ_DEN_R 4006651C

Symbol: GPIO_PORTQ_DEN_R
   Definitions
      At line 51 in file gpio.s
   Uses
      At line 201 in file gpio.s
Comment: GPIO_PORTQ_DEN_R used once
GPIO_PORTQ_DIR_R 40066400

Symbol: GPIO_PORTQ_DIR_R
   Definitions
      At line 49 in file gpio.s
   Uses
      At line 164 in file gpio.s
Comment: GPIO_PORTQ_DIR_R used once
GPIO_PORTQ_LOCK_R 40066520

Symbol: GPIO_PORTQ_LOCK_R
   Definitions
      At line 45 in file gpio.s
   Uses



ARM Macro Assembler    Page 8 Alphabetic symbol ordering
Absolute symbols

      None
Comment: GPIO_PORTQ_LOCK_R unused
GPIO_PORTQ_PCTL_R 4006652C

Symbol: GPIO_PORTQ_PCTL_R
   Definitions
      At line 48 in file gpio.s
   Uses
      At line 152 in file gpio.s
Comment: GPIO_PORTQ_PCTL_R used once
GPIO_PORTQ_PUR_R 40066510

Symbol: GPIO_PORTQ_PUR_R
   Definitions
      At line 52 in file gpio.s
   Uses
      None
Comment: GPIO_PORTQ_PUR_R unused
SYSCTL_PRGPIO_R 400FEA08

Symbol: SYSCTL_PRGPIO_R
   Definitions
      At line 15 in file gpio.s
   Uses
      At line 121 in file gpio.s
Comment: SYSCTL_PRGPIO_R used once
SYSCTL_RCGCGPIO_R 400FE608

Symbol: SYSCTL_RCGCGPIO_R
   Definitions
      At line 14 in file gpio.s
   Uses
      At line 113 in file gpio.s
Comment: SYSCTL_RCGCGPIO_R used once
55 symbols



ARM Macro Assembler    Page 1 Alphabetic symbol ordering
External symbols

Pisca_Transistor_PP5 00000000

Symbol: Pisca_Transistor_PP5
   Definitions
      At line 98 in file gpio.s
   Uses
      At line 322 in file gpio.s
Comment: Pisca_Transistor_PP5 used once
1 symbol
403 symbols in table
